BL51 BANKED LINKER/LOCATER V6.22                                                        07/11/2019  09:18:30  PAGE 1


BL51 BANKED LINKER/LOCATER V6.22, INVOKED BY:
D:\KEIL_V5\C51\BIN\BL51.EXE .\OutPut\main.obj, .\OutPut\STARTUP.obj, .\OutPut\keyAction.obj, .\OutPut\keyBoard.obj, .\Ou
>> tPut\LCD12864.obj, .\OutPut\timeN.obj, .\OutPut\interface.obj, .\OutPut\OS_CORE.obj, .\OutPut\OS_CPU_C.obj, .\OutPut\
>> OS_MBOX.obj, .\OutPut\OS_MEM.obj, .\OutPut\OS_Q.obj, .\OutPut\OS_SEM.obj, .\OutPut\OS_TASK.obj, .\OutPut\OS_TIME.obj,
>>  .\OutPut\OS_CPU_A.obj TO .\OutPut\uCOS-II PRINT (.\OutPut\uCOS-II.m51) RAMSIZE (256)


MEMORY MODEL: LARGE


INPUT MODULES INCLUDED:
  .\OutPut\main.obj (MAIN)
  .\OutPut\STARTUP.obj (?C_STARTUP)
  .\OutPut\keyAction.obj (KEYACTION)
  .\OutPut\keyBoard.obj (KEYBOARD)
  .\OutPut\LCD12864.obj (LCD12864)
  .\OutPut\timeN.obj (TIMEN)
  .\OutPut\interface.obj (INTERFACE)
  .\OutPut\OS_CORE.obj (OS_CORE)
  .\OutPut\OS_CPU_C.obj (OS_CPU_C)
  .\OutPut\OS_MBOX.obj (OS_MBOX)
  .\OutPut\OS_MEM.obj (OS_MEM)
  .\OutPut\OS_Q.obj (OS_Q)
  .\OutPut\OS_SEM.obj (OS_SEM)
  .\OutPut\OS_TASK.obj (OS_TASK)
  .\OutPut\OS_TIME.obj (OS_TIME)
  .\OutPut\OS_CPU_A.obj (OS_CPU_A)
  D:\KEIL_V5\C51\LIB\C51L.LIB (?C_INIT)
  D:\KEIL_V5\C51\LIB\C51L.LIB (?C?COPY)
  D:\KEIL_V5\C51\LIB\C51L.LIB (?C?CLDPTR)
  D:\KEIL_V5\C51\LIB\C51L.LIB (?C?CLDOPTR)
  D:\KEIL_V5\C51\LIB\C51L.LIB (?C?CSTPTR)
  D:\KEIL_V5\C51\LIB\C51L.LIB (?C?CSTOPTR)
  D:\KEIL_V5\C51\LIB\C51L.LIB (?C?SIDIV)
  D:\KEIL_V5\C51\LIB\C51L.LIB (?C?IILDX)
  D:\KEIL_V5\C51\LIB\C51L.LIB (?C?ILDIX)
  D:\KEIL_V5\C51\LIB\C51L.LIB (?C?ILDOPTR)
  D:\KEIL_V5\C51\LIB\C51L.LIB (?C?IILDOPTR)
  D:\KEIL_V5\C51\LIB\C51L.LIB (?C?ISTOPTR)
  D:\KEIL_V5\C51\LIB\C51L.LIB (?C?LMUL)
  D:\KEIL_V5\C51\LIB\C51L.LIB (?C?ULDIV)
  D:\KEIL_V5\C51\LIB\C51L.LIB (?C?ULSHR)
  D:\KEIL_V5\C51\LIB\C51L.LIB (?C?LLDIDATA)
  D:\KEIL_V5\C51\LIB\C51L.LIB (?C?LLDXDATA)
  D:\KEIL_V5\C51\LIB\C51L.LIB (?C?LLDXDATA0)
  D:\KEIL_V5\C51\LIB\C51L.LIB (?C?LSTIDATA)
  D:\KEIL_V5\C51\LIB\C51L.LIB (?C?LSTXDATA)
  D:\KEIL_V5\C51\LIB\C51L.LIB (?C?LSTKIDATA)
  D:\KEIL_V5\C51\LIB\C51L.LIB (?C?LSTKXDATA)
  D:\KEIL_V5\C51\LIB\C51L.LIB (?C?PLDIDATA)
  D:\KEIL_V5\C51\LIB\C51L.LIB (?C?PSTIDATA)
  D:\KEIL_V5\C51\LIB\C51L.LIB (?C?PLDXDATA)
  D:\KEIL_V5\C51\LIB\C51L.LIB (?C?PLDIXDATA)
  D:\KEIL_V5\C51\LIB\C51L.LIB (?C?PSTXDATA)
  D:\KEIL_V5\C51\LIB\C51L.LIB (?C?PSTPTR)
  D:\KEIL_V5\C51\LIB\C51L.LIB (?C?PLDOPTR)
  D:\KEIL_V5\C51\LIB\C51L.LIB (?C?PSTOPTR)
  D:\KEIL_V5\C51\LIB\C51L.LIB (?C?CCASE)
BL51 BANKED LINKER/LOCATER V6.22                                                      07/11/2019  09:18:30  PAGE 2


  D:\KEIL_V5\C51\LIB\C51L.LIB (?C_XBP)
  D:\KEIL_V5\C51\LIB\C51L.LIB (?C?ADDXBP)
  D:\KEIL_V5\C51\LIB\C51L.LIB (?C?XBPOFF)
  D:\KEIL_V5\C51\LIB\C51L.LIB (PRINTF)
  D:\KEIL_V5\C51\LIB\C51L.LIB (RAND)
  D:\KEIL_V5\C51\LIB\C51L.LIB (?C?UIDIV)
  D:\KEIL_V5\C51\LIB\C51L.LIB (?C?PLDPDATA)
  D:\KEIL_V5\C51\LIB\C51L.LIB (?C?PSTPDATA)
  D:\KEIL_V5\C51\LIB\C51L.LIB (?C?PLDCODE)
  D:\KEIL_V5\C51\LIB\C51L.LIB (PUTCHAR)


LINK MAP OF MODULE:  .\OutPut\uCOS-II (MAIN)


            TYPE    BASE      LENGTH    RELOCATION   SEGMENT NAME
            -----------------------------------------------------

            * * * * * * *   D A T A   M E M O R Y   * * * * * * *
            REG     0000H     0008H     ABSOLUTE     "REG BANK 0"
            DATA    0008H     000AH     UNIT         _DATA_GROUP_
            DATA    0012H     0002H     UNIT         ?C?LIB_DATA
                    0014H     000CH                  *** GAP ***
            BIT     0020H.0   0002H.2   UNIT         _BIT_GROUP_
                    0022H.2   0000H.6                *** GAP ***
            IDATA   0023H     002EH     UNIT         ?ID?OS_CORE
            IDATA   0051H     0031H     UNIT         ?STACK

            * * * * * * *  X D A T A   M E M O R Y  * * * * * * *
            XDATA   0000H     00FCH     UNIT         ?XD?OS_CORE
            XDATA   00FCH     00C4H     UNIT         ?XD?MAIN
            XDATA   01C0H     00A8H     UNIT         _XDATA_GROUP_
            XDATA   0268H     0032H     UNIT         ?XD?KEYACTION
            XDATA   029AH     0031H     UNIT         ?XD?KEYBOARD
            XDATA   02CBH     0008H     UNIT         ?XD?TIMEN
            XDATA   02D3H     0004H     UNIT         ?XD?RAND?RAND
            XDATA   02D7H     0002H     UNIT         ?XD?LCD12864

            * * * * * * *   C O D E   M E M O R Y   * * * * * * *
            CODE    0000H     0003H     ABSOLUTE     
            CODE    0003H     0005H     UNIT         ?PR?LCD12864ERASEALL?LCD12864
            CODE    0008H     0001H     UNIT         ?PR?_?OSINITHOOKBEGIN?OS_CPU_C
            CODE    0009H     0001H     UNIT         ?PR?_?OSINITHOOKEND?OS_CPU_C
            CODE    000AH     0001H     UNIT         ?PR?_?OSTASKSWHOOK?OS_CPU_C
            CODE    000BH     0003H     ABSOLUTE     
            CODE    000EH     000AH     UNIT         ?PR?OSINTCTXSW?OS_CPU_A
            CODE    0018H     0001H     UNIT         ?PR?_?OSTIMETICKHOOK?OS_CPU_C
            CODE    0019H     0001H     UNIT         ?PR?_?OSTASKIDLEHOOK?OS_CPU_C
                    001AH     0001H                  *** GAP ***
            CODE    001BH     0003H     ABSOLUTE     
                    001EH     0005H                  *** GAP ***
            CODE    0023H     0003H     ABSOLUTE     
            CODE    0026H     003BH     UNIT         ?PR?_?OS_TASKIDLE?OS_CORE
                    0061H     0002H                  *** GAP ***
            CODE    0063H     0003H     ABSOLUTE     
            CODE    0066H     0617H     UNIT         ?C?LIB_CODE
            CODE    067DH     0452H     UNIT         ?CO?INTERFACE
BL51 BANKED LINKER/LOCATER V6.22                                                      07/11/2019  09:18:30  PAGE 3


            CODE    0ACFH     0365H     UNIT         ?PR?PRINTF?PRINTF
            CODE    0E34H     0298H     UNIT         ?PR?ENTERCMP?KEYACTION
            CODE    10CCH     0212H     UNIT         ?PR?_?OS_TCBINIT?OS_CORE
            CODE    12DEH     01DCH     UNIT         ?PR?_?OSTASKSTKINIT?OS_CPU_C
            CODE    14BAH     01B1H     UNIT         ?PR?_?OSINIT?OS_CORE
            CODE    166BH     013FH     UNIT         ?PR?KEYSCANNER?KEYBOARD
            CODE    17AAH     011EH     UNIT         ?PR?_?OSTASKCREATE?OS_TASK
            CODE    18C8H     0108H     UNIT         ?CO?OS_CORE
            CODE    19D0H     00E0H     UNIT         ?PR?_KEYACTION?KEYACTION
            CODE    1AB0H     00D2H     UNIT         ?PR?KEYDRIVER?KEYBOARD
            CODE    1B82H     00C7H     UNIT         ?PR?_?OSTIMETICK?OS_CORE
            CODE    1C49H     00BAH     UNIT         ?PR?ADD0?KEYACTION
            CODE    1D03H     00B8H     UNIT         ?PR?SUB0?KEYACTION
            CODE    1DBBH     00A8H     UNIT         ?PR?MAIN?MAIN
            CODE    1E63H     00A6H     UNIT         ?PR?ADD1?KEYACTION
            CODE    1F09H     00A4H     UNIT         ?PR?SUB1?KEYACTION
            CODE    1FADH     0097H     UNIT         ?PR?RANDANS?KEYACTION
            CODE    2044H     008CH     UNIT         ?C_C51STARTUP
            CODE    20D0H     008BH     UNIT         ?PR?GAMEINTERFACE?INTERFACE
            CODE    215BH     0089H     UNIT         ?PR?DELE0?KEYACTION
            CODE    21E4H     0083H     UNIT         ?PR?CLEAR0?KEYACTION
            CODE    2267H     0082H     UNIT         ?PR?DISPLAY?TIMEN
            CODE    22E9H     0082H     UNIT         ?PR?STUDENTINTERFACE?INTERFACE
            CODE    236BH     0078H     UNIT         ?PR?CLEAR1?KEYACTION
            CODE    23E3H     0078H     UNIT         ?PR?IMG_CLEAR?LCD12864
            CODE    245BH     0076H     UNIT         ?PR?_?OS_SCHED?OS_CORE
            CODE    24D1H     0074H     UNIT         ?PR?DELE1?KEYACTION
            CODE    2545H     0074H     UNIT         ?PR?_IMG_DISP?LCD12864
            CODE    25B9H     0074H     UNIT         ?PR?_?OSTIMEDLY?OS_TIME
            CODE    262DH     0070H     UNIT         ?PR?_?OSINTEXIT?OS_CORE
            CODE    269DH     006FH     UNIT         ?PR?_CONFIGURETIMER1?TIMEN
            CODE    270CH     006EH     UNIT         ?C_INITSEG
            CODE    277AH     006CH     UNIT         ?PR?ANSCMPKEY?KEYACTION
            CODE    27E6H     0066H     UNIT         ?PR?OSCTXSW?OS_CPU_A
            CODE    284CH     0064H     UNIT         ?CO?KEYACTION
            CODE    28B0H     0062H     UNIT         ?PR?TIMERCOUNTER_2?TIMEN
            CODE    2912H     0062H     UNIT         ?PR?_?OSSTART?OS_CORE
            CODE    2974H     005FH     UNIT         ?PR?ENTERGAME?KEYACTION
            CODE    29D3H     005CH     UNIT         ?PR?_LCD12864WRITEDATA?LCD12864
            CODE    2A2FH     0058H     UNIT         ?PR?OSTICKISR?OS_CPU_A
            CODE    2A87H     0052H     UNIT         ?PR?OSSTARTHIGHRDY?OS_CPU_A
            CODE    2AD9H     0052H     UNIT         ?PR?_?SERIAL?OS_CPU_A
            CODE    2B2BH     004DH     UNIT         ?PR?RAND?RAND
            CODE    2B78H     0045H     UNIT         ?PR?TIMERCOUNTER_1?TIMEN
            CODE    2BBDH     0041H     UNIT         ?PR?IMG_LINE_START1?LCD12864
            CODE    2BFEH     0041H     UNIT         ?PR?IMG_DELE_LINE_START1?LCD12864
            CODE    2C3FH     0040H     UNIT         ?PR?IMG_DELE_UNDERLINE?LCD12864
            CODE    2C7FH     0032H     UNIT         ?PR?_UNDERLINE?LCD12864
            CODE    2CB1H     002EH     UNIT         ?PR?_?LCD12864TASK?MAIN
            CODE    2CDFH     002EH     UNIT         ?PR?_IMG_UNDERLINE?LCD12864
            CODE    2D0DH     002DH     UNIT         ?PR?_LCD12864WRITECOMMAND?LCD12864
            CODE    2D3AH     002CH     UNIT         ?PR?IMG_LINE_START2?LCD12864
            CODE    2D66H     002CH     UNIT         ?PR?IMG_DELE_LINE_START2?LCD12864
            CODE    2D92H     002CH     UNIT         ?PR?IMG_LINE_START3?LCD12864
            CODE    2DBEH     002CH     UNIT         ?PR?IMG_DELE_LINE_START3?LCD12864
            CODE    2DEAH     002AH     UNIT         ?PR?_?GAMETASK?MAIN
            CODE    2E14H     002AH     UNIT         ?PR?_LCD12864SETCURSOR?LCD12864
BL51 BANKED LINKER/LOCATER V6.22                                                      07/11/2019  09:18:30  PAGE 4


            CODE    2E3EH     0028H     UNIT         ?PR?_?LEDTASK?MAIN
            CODE    2E66H     0028H     UNIT         ?PR?_LCD12864SHOWSTRING?LCD12864
            CODE    2E8EH     0027H     UNIT         ?PR?PUTCHAR?PUTCHAR
            CODE    2EB5H     0026H     UNIT         ?PR?MODE?KEYACTION
            CODE    2EDBH     0026H     UNIT         ?PR?_STARTUNDERLINE?LCD12864
            CODE    2F01H     0021H     UNIT         ?PR?_?OSTASKCREATEHOOK?OS_CPU_C
            CODE    2F22H     0021H     UNIT         ?PR?_?OSTCBINITHOOK?OS_CPU_C
            CODE    2F43H     001AH     UNIT         ?PR?DOWN?KEYACTION
            CODE    2F5DH     001AH     UNIT         ?PR?STARTINTERFACE?INTERFACE
            CODE    2F77H     0019H     UNIT         ?PR?LEFT?KEYACTION
            CODE    2F90H     0019H     UNIT         ?PR?RIGHT?KEYACTION
            CODE    2FA9H     0017H     UNIT         ?PR?UP?KEYACTION
            CODE    2FC0H     0017H     UNIT         ?PR?CONFIGURETIMER2?TIMEN
            CODE    2FD7H     0016H     UNIT         ?PR?IO_INIT?LCD12864
            CODE    2FEDH     0016H     UNIT         ?CO?TIMEN
            CODE    3003H     0014H     UNIT         ?PR?INITLCD12864?LCD12864
            CODE    3017H     0012H     UNIT         ?PR?LCD12864WAITREADY?LCD12864
            CODE    3029H     0011H     UNIT         ?PR?ESC?KEYACTION
            CODE    303AH     0011H     UNIT         ?PR?_LCD12864ERASEAREA?LCD12864
            CODE    304BH     0010H     UNIT         ?CO?KEYBOARD
            CODE    305BH     000FH     UNIT         ?PR?STETIME?KEYACTION
            CODE    306AH     000EH     UNIT         ?PR?_?OSINTENTER?OS_CORE
            CODE    3078H     0009H     UNIT         ?PR?_?CONFIGURETIMER0?TIMEN



OVERLAY MAP OF MODULE:   .\OutPut\uCOS-II (MAIN)


SEGMENT                                       BIT_GROUP          DATA_GROUP          XDATA_GROUP
  +--> CALLED SEGMENT                      START    LENGTH     START    LENGTH     START    LENGTH
--------------------------------------------------------------------------------------------------
?C_C51STARTUP                              -----    -----      -----    -----      -----    -----
  +--> ?PR?MAIN?MAIN
  +--> ?C_INITSEG

?PR?MAIN?MAIN                              -----    -----      -----    -----      -----    -----
  +--> ?PR?IO_INIT?LCD12864
  +--> ?PR?INITLCD12864?LCD12864
  +--> ?PR?_CONFIGURETIMER1?TIMEN
  +--> ?PR?CONFIGURETIMER2?TIMEN
  +--> ?PR?_?OSINIT?OS_CORE
  +--> ?PR?_?CONFIGURETIMER0?TIMEN
  +--> ?PR?_?LEDTASK?MAIN
  +--> ?PR?_?OSTASKCREATE?OS_TASK
  +--> ?PR?_?LCD12864TASK?MAIN
  +--> ?PR?_?GAMETASK?MAIN
  +--> ?PR?_?OSSTART?OS_CORE

?PR?INITLCD12864?LCD12864                  -----    -----      -----    -----      -----    -----
  +--> ?PR?_LCD12864WRITECOMMAND?LCD12864

?PR?_LCD12864WRITECOMMAND?LCD12864         -----    -----      -----    -----      -----    -----
  +--> ?PR?LCD12864WAITREADY?LCD12864

?PR?_CONFIGURETIMER1?TIMEN                 -----    -----      -----    -----      01C0H    0004H

BL51 BANKED LINKER/LOCATER V6.22                                                      07/11/2019  09:18:30  PAGE 5


?PR?_?OSINIT?OS_CORE                       -----    -----      -----    -----      -----    -----
  +--> ?PR?_?OSINITHOOKBEGIN?OS_CPU_C
  +--> ?PR?_?OS_TASKIDLE?OS_CORE
  +--> ?PR?_?OSTASKCREATE?OS_TASK
  +--> ?PR?_?OSINITHOOKEND?OS_CPU_C

?PR?_?OS_TASKIDLE?OS_CORE                  -----    -----      -----    -----      -----    -----
  +--> ?PR?_?OSTASKIDLEHOOK?OS_CPU_C

?PR?_?OSTASKCREATE?OS_TASK                 -----    -----      -----    -----      -----    -----
  +--> ?PR?_?OSTASKSTKINIT?OS_CPU_C
  +--> ?PR?_?OS_TCBINIT?OS_CORE
  +--> ?PR?_?OS_SCHED?OS_CORE

?PR?_?OS_TCBINIT?OS_CORE                   -----    -----      -----    -----      -----    -----
  +--> ?CO?OS_CORE
  +--> ?PR?_?OSTCBINITHOOK?OS_CPU_C
  +--> ?PR?_?OSTASKCREATEHOOK?OS_CPU_C

?PR?_?OS_SCHED?OS_CORE                     -----    -----      -----    -----      -----    -----
  +--> ?CO?OS_CORE
  +--> ?PR?OSCTXSW?OS_CPU_A

?PR?OSCTXSW?OS_CPU_A                       -----    -----      -----    -----      -----    -----
  +--> ?PR?_?OSTASKSWHOOK?OS_CPU_C
  +--> ?PR?OSSTARTHIGHRDY?OS_CPU_A

?PR?OSSTARTHIGHRDY?OS_CPU_A                -----    -----      -----    -----      -----    -----
  +--> ?PR?_?OSTASKSWHOOK?OS_CPU_C

?PR?_?LEDTASK?MAIN                         -----    -----      -----    -----      -----    -----
  +--> ?PR?_?OSTIMEDLY?OS_TIME

?PR?_?OSTIMEDLY?OS_TIME                    -----    -----      -----    -----      -----    -----
  +--> ?PR?_?OS_SCHED?OS_CORE

?PR?_?LCD12864TASK?MAIN                    -----    -----      -----    -----      -----    -----
  +--> ?PR?STUDENTINTERFACE?INTERFACE
  +--> ?PR?_?OSTIMEDLY?OS_TIME

?PR?STUDENTINTERFACE?INTERFACE             -----    -----      -----    -----      01C0H    0026H
  +--> ?CO?INTERFACE
  +--> ?PR?IMG_CLEAR?LCD12864
  +--> ?PR?_LCD12864SHOWSTRING?LCD12864

?PR?IMG_CLEAR?LCD12864                     -----    -----      -----    -----      -----    -----
  +--> ?PR?_LCD12864WRITECOMMAND?LCD12864
  +--> ?PR?_LCD12864WRITEDATA?LCD12864

?PR?_LCD12864WRITEDATA?LCD12864            -----    -----      -----    -----      -----    -----
  +--> ?PR?LCD12864WAITREADY?LCD12864

?PR?_LCD12864SHOWSTRING?LCD12864           -----    -----      -----    -----      0240H    0003H
  +--> ?PR?_LCD12864SETCURSOR?LCD12864
  +--> ?PR?_LCD12864WRITEDATA?LCD12864

?PR?_LCD12864SETCURSOR?LCD12864            -----    -----      -----    -----      -----    -----
BL51 BANKED LINKER/LOCATER V6.22                                                      07/11/2019  09:18:30  PAGE 6


  +--> ?PR?_LCD12864WRITECOMMAND?LCD12864

?PR?_?GAMETASK?MAIN                        -----    -----      -----    -----      -----    -----
  +--> ?PR?STARTINTERFACE?INTERFACE
  +--> ?PR?KEYDRIVER?KEYBOARD
  +--> ?PR?_?OSTIMEDLY?OS_TIME

?PR?STARTINTERFACE?INTERFACE               -----    -----      -----    -----      -----    -----
  +--> ?CO?INTERFACE
  +--> ?PR?_IMG_DISP?LCD12864
  +--> ?PR?IMG_LINE_START1?LCD12864

?PR?_IMG_DISP?LCD12864                     -----    -----      -----    -----      -----    -----
  +--> ?PR?_LCD12864WRITECOMMAND?LCD12864
  +--> ?PR?_LCD12864WRITEDATA?LCD12864

?PR?IMG_LINE_START1?LCD12864               -----    -----      -----    -----      -----    -----
  +--> ?PR?_LCD12864WRITECOMMAND?LCD12864
  +--> ?PR?_LCD12864WRITEDATA?LCD12864

?PR?KEYDRIVER?KEYBOARD                     -----    -----      -----    -----      01C0H    0002H
  +--> ?CO?KEYBOARD
  +--> ?PR?_KEYACTION?KEYACTION

?PR?_KEYACTION?KEYACTION                   -----    -----      -----    -----      01C2H    0001H
  +--> ?PR?UP?KEYACTION
  +--> ?PR?DOWN?KEYACTION
  +--> ?PR?ENTERGAME?KEYACTION
  +--> ?PR?ADD0?KEYACTION
  +--> ?PR?SUB0?KEYACTION
  +--> ?PR?DELE0?KEYACTION
  +--> ?PR?CLEAR0?KEYACTION
  +--> ?PR?ADD1?KEYACTION
  +--> ?PR?SUB1?KEYACTION
  +--> ?PR?ENTERCMP?KEYACTION
  +--> ?PR?LEFT?KEYACTION
  +--> ?PR?RIGHT?KEYACTION
  +--> ?PR?DELE1?KEYACTION
  +--> ?PR?MODE?KEYACTION
  +--> ?PR?ESC?KEYACTION
  +--> ?PR?CLEAR1?KEYACTION

?PR?UP?KEYACTION                           -----    -----      -----    -----      -----    -----
  +--> ?PR?_STARTUNDERLINE?LCD12864

?PR?_STARTUNDERLINE?LCD12864               -----    -----      -----    -----      01C3H    0001H
  +--> ?PR?IMG_DELE_LINE_START1?LCD12864
  +--> ?PR?IMG_DELE_LINE_START2?LCD12864
  +--> ?PR?IMG_DELE_LINE_START3?LCD12864
  +--> ?PR?IMG_LINE_START1?LCD12864
  +--> ?PR?IMG_LINE_START2?LCD12864
  +--> ?PR?IMG_LINE_START3?LCD12864

?PR?IMG_DELE_LINE_START1?LCD12864          -----    -----      -----    -----      -----    -----
  +--> ?PR?_LCD12864WRITECOMMAND?LCD12864
  +--> ?PR?_LCD12864WRITEDATA?LCD12864

BL51 BANKED LINKER/LOCATER V6.22                                                      07/11/2019  09:18:30  PAGE 7


?PR?IMG_DELE_LINE_START2?LCD12864          -----    -----      -----    -----      -----    -----
  +--> ?PR?_LCD12864WRITECOMMAND?LCD12864
  +--> ?PR?_LCD12864WRITEDATA?LCD12864

?PR?IMG_DELE_LINE_START3?LCD12864          -----    -----      -----    -----      -----    -----
  +--> ?PR?_LCD12864WRITECOMMAND?LCD12864
  +--> ?PR?_LCD12864WRITEDATA?LCD12864

?PR?IMG_LINE_START2?LCD12864               -----    -----      -----    -----      -----    -----
  +--> ?PR?_LCD12864WRITECOMMAND?LCD12864
  +--> ?PR?_LCD12864WRITEDATA?LCD12864

?PR?IMG_LINE_START3?LCD12864               -----    -----      -----    -----      -----    -----
  +--> ?PR?_LCD12864WRITECOMMAND?LCD12864
  +--> ?PR?_LCD12864WRITEDATA?LCD12864

?PR?DOWN?KEYACTION                         -----    -----      -----    -----      -----    -----
  +--> ?PR?_STARTUNDERLINE?LCD12864

?PR?ENTERGAME?KEYACTION                    -----    -----      -----    -----      01C3H    0008H
  +--> ?PR?RANDANS?KEYACTION
  +--> ?PR?GAMEINTERFACE?INTERFACE
  +--> ?CO?KEYACTION
  +--> ?PR?IMG_CLEAR?LCD12864
  +--> ?PR?_LCD12864SHOWSTRING?LCD12864

?PR?RANDANS?KEYACTION                      -----    -----      -----    -----      -----    -----
  +--> ?PR?RAND?RAND

?PR?GAMEINTERFACE?INTERFACE                -----    -----      -----    -----      01CBH    002CH
  +--> ?CO?INTERFACE
  +--> ?PR?IMG_CLEAR?LCD12864
  +--> ?PR?_LCD12864SHOWSTRING?LCD12864
  +--> ?PR?_IMG_UNDERLINE?LCD12864

?PR?_IMG_UNDERLINE?LCD12864                -----    -----      -----    -----      -----    -----
  +--> ?PR?_LCD12864WRITECOMMAND?LCD12864
  +--> ?PR?_LCD12864WRITEDATA?LCD12864

?PR?ADD0?KEYACTION                         -----    -----      -----    -----      -----    -----
  +--> ?CO?KEYACTION
  +--> ?PR?PRINTF?PRINTF
  +--> ?PR?_LCD12864ERASEAREA?LCD12864
  +--> ?PR?_LCD12864SHOWSTRING?LCD12864

?PR?PRINTF?PRINTF                          0021H.1  0001H.1    000DH    0005H      0240H    0028H
  +--> ?PR?PUTCHAR?PUTCHAR

?PR?_LCD12864ERASEAREA?LCD12864            -----    -----      -----    -----      -----    -----
  +--> ?PR?_LCD12864SETCURSOR?LCD12864
  +--> ?PR?_LCD12864WRITEDATA?LCD12864

?PR?SUB0?KEYACTION                         -----    -----      -----    -----      -----    -----
  +--> ?CO?KEYACTION
  +--> ?PR?PRINTF?PRINTF
  +--> ?PR?_LCD12864ERASEAREA?LCD12864
  +--> ?PR?_LCD12864SHOWSTRING?LCD12864
BL51 BANKED LINKER/LOCATER V6.22                                                      07/11/2019  09:18:30  PAGE 8



?PR?DELE0?KEYACTION                        -----    -----      -----    -----      -----    -----
  +--> ?CO?KEYACTION
  +--> ?PR?PRINTF?PRINTF
  +--> ?PR?_LCD12864ERASEAREA?LCD12864
  +--> ?PR?_LCD12864SHOWSTRING?LCD12864

?PR?CLEAR0?KEYACTION                       -----    -----      -----    -----      -----    -----
  +--> ?CO?KEYACTION
  +--> ?PR?PRINTF?PRINTF
  +--> ?PR?_LCD12864ERASEAREA?LCD12864
  +--> ?PR?_LCD12864SHOWSTRING?LCD12864

?PR?ADD1?KEYACTION                         -----    -----      -----    -----      -----    -----
  +--> ?CO?KEYACTION
  +--> ?PR?PRINTF?PRINTF
  +--> ?PR?_LCD12864ERASEAREA?LCD12864
  +--> ?PR?_LCD12864SHOWSTRING?LCD12864

?PR?SUB1?KEYACTION                         -----    -----      -----    -----      -----    -----
  +--> ?CO?KEYACTION
  +--> ?PR?PRINTF?PRINTF
  +--> ?PR?_LCD12864ERASEAREA?LCD12864
  +--> ?PR?_LCD12864SHOWSTRING?LCD12864

?PR?ENTERCMP?KEYACTION                     -----    -----      -----    -----      01C3H    002DH
  +--> ?CO?KEYACTION
  +--> ?PR?IMG_DELE_UNDERLINE?LCD12864
  +--> ?PR?ANSCMPKEY?KEYACTION
  +--> ?PR?PRINTF?PRINTF
  +--> ?PR?_LCD12864ERASEAREA?LCD12864
  +--> ?PR?_LCD12864SHOWSTRING?LCD12864
  +--> ?PR?CLEAR1?KEYACTION
  +--> ?PR?CLEAR0?KEYACTION
  +--> ?PR?RANDANS?KEYACTION
  +--> ?PR?STETIME?KEYACTION
  +--> ?PR?_UNDERLINE?LCD12864

?PR?IMG_DELE_UNDERLINE?LCD12864            -----    -----      -----    -----      -----    -----
  +--> ?PR?_LCD12864WRITECOMMAND?LCD12864
  +--> ?PR?_LCD12864WRITEDATA?LCD12864

?PR?CLEAR1?KEYACTION                       -----    -----      -----    -----      -----    -----
  +--> ?PR?_LCD12864ERASEAREA?LCD12864
  +--> ?CO?KEYACTION
  +--> ?PR?PRINTF?PRINTF
  +--> ?PR?_LCD12864SHOWSTRING?LCD12864

?PR?STETIME?KEYACTION                      -----    -----      -----    -----      -----    -----
  +--> ?PR?DISPLAY?TIMEN

?PR?DISPLAY?TIMEN                          -----    -----      -----    -----      022CH    0014H
  +--> ?CO?TIMEN
  +--> ?PR?PRINTF?PRINTF
  +--> ?PR?_LCD12864ERASEAREA?LCD12864
  +--> ?PR?_LCD12864SHOWSTRING?LCD12864
  +--> ?PR?IMG_DELE_UNDERLINE?LCD12864
BL51 BANKED LINKER/LOCATER V6.22                                                      07/11/2019  09:18:30  PAGE 9



?PR?_UNDERLINE?LCD12864                    -----    -----      -----    -----      01F0H    0001H
  +--> ?PR?IMG_DELE_UNDERLINE?LCD12864
  +--> ?PR?_IMG_UNDERLINE?LCD12864

?PR?LEFT?KEYACTION                         -----    -----      -----    -----      -----    -----
  +--> ?PR?_UNDERLINE?LCD12864

?PR?RIGHT?KEYACTION                        -----    -----      -----    -----      -----    -----
  +--> ?PR?_UNDERLINE?LCD12864

?PR?DELE1?KEYACTION                        -----    -----      -----    -----      -----    -----
  +--> ?PR?_LCD12864ERASEAREA?LCD12864
  +--> ?CO?KEYACTION
  +--> ?PR?PRINTF?PRINTF
  +--> ?PR?_LCD12864SHOWSTRING?LCD12864

?PR?MODE?KEYACTION                         -----    -----      -----    -----      -----    -----
  +--> ?PR?CLEAR1?KEYACTION
  +--> ?PR?CLEAR0?KEYACTION
  +--> ?PR?RANDANS?KEYACTION
  +--> ?PR?STETIME?KEYACTION

?PR?ESC?KEYACTION                          -----    -----      -----    -----      -----    -----
  +--> ?PR?LCD12864ERASEALL?LCD12864
  +--> ?PR?STARTINTERFACE?INTERFACE

?PR?LCD12864ERASEALL?LCD12864              -----    -----      -----    -----      -----    -----
  +--> ?PR?_LCD12864WRITECOMMAND?LCD12864

?PR?_?OSSTART?OS_CORE                      -----    -----      -----    -----      -----    -----
  +--> ?CO?OS_CORE
  +--> ?PR?OSSTARTHIGHRDY?OS_CPU_A

*** NEW ROOT ***************************************************

?PR?TIMERCOUNTER_1?TIMEN                   -----    -----      -----    -----      -----    -----
  +--> ?PR?KEYSCANNER?KEYBOARD

*** NEW ROOT ***************************************************

?PR?TIMERCOUNTER_2?TIMEN                   -----    -----      -----    -----      -----    -----
  +--> ?PR?DISPLAY?TIMEN

*** NEW ROOT ***************************************************

?PR?OSTICKISR?OS_CPU_A                     -----    -----      -----    -----      -----    -----
  +--> ?PR?_?OSINTENTER?OS_CORE
  +--> ?PR?_?OSTIMETICK?OS_CORE
  +--> ?PR?_?OSINTEXIT?OS_CORE

?PR?_?OSTIMETICK?OS_CORE                   -----    -----      -----    -----      -----    -----
  +--> ?PR?_?OSTIMETICKHOOK?OS_CPU_C

?PR?_?OSINTEXIT?OS_CORE                    -----    -----      -----    -----      -----    -----
  +--> ?CO?OS_CORE
  +--> ?PR?OSINTCTXSW?OS_CPU_A
BL51 BANKED LINKER/LOCATER V6.22                                                      07/11/2019  09:18:30  PAGE 10



?PR?OSINTCTXSW?OS_CPU_A                    -----    -----      -----    -----      -----    -----
  +--> ?PR?OSCTXSW?OS_CPU_A

*** NEW ROOT ***************************************************

?PR?_?SERIAL?OS_CPU_A                      -----    -----      -----    -----      -----    -----
  +--> ?PR?_?OSINTENTER?OS_CORE
  +--> ?PR?_?OSINTEXIT?OS_CORE



UNRESOLVED EXTERNAL SYMBOLS:
   GRADE
   _?SERIAL



SYMBOL TABLE OF MODULE:  .\OutPut\uCOS-II (MAIN)

  VALUE           TYPE          NAME
  ----------------------------------

  -------         MODULE        MAIN
  C:0000H         SYMBOL        _ICE_DUMMY_
  D:0080H         PUBLIC        P0
  D:0090H         PUBLIC        P1
  D:00A0H         PUBLIC        P2
  D:00B0H         PUBLIC        P3
  D:00C0H         PUBLIC        P4
  D:00C8H         PUBLIC        P5
  B:00A8H.7       PUBLIC        EA
  D:00E8H         PUBLIC        P6
  D:00F8H         PUBLIC        P7
  D:00A8H         PUBLIC        IE
  D:00B8H         PUBLIC        IP
  X:00FCH         PUBLIC        LEDTaskStk
  D:00D8H         PUBLIC        CCON
  X:013DH         PUBLIC        LCD12864TaskStk
  C:1DBBH         PUBLIC        main
  C:2DEAH         PUBLIC        _?gameTask
  D:0098H         PUBLIC        SCON
  D:0088H         PUBLIC        TCON
  B:00A8H.1       PUBLIC        ET0
  B:00C8H.5       PUBLIC        LED
  X:017EH         PUBLIC        isStudentInterface
  X:017FH         PUBLIC        gameTaskStk
  C:2E3EH         PUBLIC        _?LEDTask
  C:2CB1H         PUBLIC        _?LCD12864Task
  D:00D0H         PUBLIC        PSW
  -------         PROC          MAIN
  C:1DBBH         LINE#         28
  C:1DBBH         LINE#         29
  C:1DBBH         LINE#         30
  C:1DBEH         LINE#         31
  C:1DC1H         LINE#         32
  C:1DC6H         LINE#         33
BL51 BANKED LINKER/LOCATER V6.22                                                      07/11/2019  09:18:30  PAGE 11


  C:1DC9H         LINE#         34
  C:1DCBH         LINE#         36
  C:1DCEH         LINE#         37
  C:1DD1H         LINE#         39
  C:1E00H         LINE#         40
  C:1E30H         LINE#         41
  C:1E60H         LINE#         43
  -------         ENDPROC       MAIN
  -------         PROC          _?LEDTASK
  x:0000H         SYMBOL        ppdata
  C:2E3EH         LINE#         49
  C:2E47H         LINE#         51
  C:2E59H         LINE#         52
  C:2E5BH         LINE#         54
  C:2E5BH         LINE#         55
  C:2E5BH         LINE#         56
  C:2E5DH         LINE#         57
  C:2E64H         LINE#         58
  -------         ENDPROC       _?LEDTASK
  -------         PROC          _?LCD12864TASK
  x:0000H         SYMBOL        ppdata
  C:2CB1H         LINE#         61
  C:2CBAH         LINE#         63
  C:2CCCH         LINE#         65
  C:2CCCH         LINE#         66
  C:2CCCH         LINE#         67
  C:2CD3H         LINE#         68
  C:2CD3H         LINE#         69
  C:2CD6H         LINE#         70
  C:2CD6H         LINE#         71
  C:2CDDH         LINE#         72
  -------         ENDPROC       _?LCD12864TASK
  -------         PROC          _?GAMETASK
  x:0000H         SYMBOL        ppdata
  C:2DEAH         LINE#         75
  C:2DF3H         LINE#         77
  C:2E05H         LINE#         78
  C:2E08H         LINE#         80
  C:2E08H         LINE#         81
  C:2E08H         LINE#         82
  C:2E0BH         LINE#         83
  C:2E12H         LINE#         84
  -------         ENDPROC       _?GAMETASK
  -------         ENDMOD        MAIN

  -------         MODULE        ?C_STARTUP
  C:2044H         SEGMENT       ?C_C51STARTUP
  I:0051H         SEGMENT       ?STACK
  C:0000H         PUBLIC        ?C_STARTUP
  D:00E0H         SYMBOL        ACC
  D:00F0H         SYMBOL        B
  D:0083H         SYMBOL        DPH
  D:0082H         SYMBOL        DPL
  N:0000H         SYMBOL        IBPSTACK
  N:0100H         SYMBOL        IBPSTACKTOP
  N:0000H         SYMBOL        IDATALEN
  N:0000H         SYMBOL        PBPSTACK
BL51 BANKED LINKER/LOCATER V6.22                                                      07/11/2019  09:18:30  PAGE 12


  N:0400H         SYMBOL        PBPSTACKTOP
  N:0000H         SYMBOL        PDATALEN
  N:0000H         SYMBOL        PDATASTART
  N:0000H         SYMBOL        PPAGE
  N:0000H         SYMBOL        PPAGEENABLE
  D:00A0H         SYMBOL        PPAGE_SFR
  D:0081H         SYMBOL        SP
  C:2044H         SYMBOL        STARTUP1
  N:0001H         SYMBOL        XBPSTACK
  N:0400H         SYMBOL        XBPSTACKTOP
  N:0000H         SYMBOL        XDATALEN
  N:0000H         SYMBOL        XDATASTART
  C:0000H         LINE#         92
  C:2044H         LINE#         142
  C:2047H         LINE#         143
  C:204AH         LINE#         151
  C:204DH         LINE#         155
  -------         ENDMOD        ?C_STARTUP

  -------         MODULE        KEYACTION
  C:0000H         SYMBOL        _ICE_DUMMY_
  D:0080H         PUBLIC        P0
  D:0090H         PUBLIC        P1
  D:00A0H         PUBLIC        P2
  D:00B0H         PUBLIC        P3
  D:00C0H         PUBLIC        P4
  D:00C8H         PUBLIC        P5
  X:0268H         SYMBOL        grade
  D:00E8H         PUBLIC        P6
  D:00F8H         PUBLIC        P7
  C:1FADH         PUBLIC        randANS
  C:19D0H         PUBLIC        _KeyAction
  D:00A8H         PUBLIC        IE
  X:026AH         PUBLIC        gameModel
  D:00B8H         PUBLIC        IP
  X:026BH         PUBLIC        string
  C:2974H         PUBLIC        enterGame
  C:2F90H         PUBLIC        right
  D:00D8H         PUBLIC        CCON
  C:2EB5H         PUBLIC        mode
  C:2F77H         PUBLIC        left
  X:027FH         PUBLIC        sign
  D:0098H         PUBLIC        SCON
  D:0088H         PUBLIC        TCON
  X:0280H         PUBLIC        interface
  C:21E4H         PUBLIC        clear0
  C:2F43H         PUBLIC        down
  C:236BH         PUBLIC        clear1
  C:3029H         PUBLIC        esc
  D:00AFH         PUBLIC        IE2
  C:287BH         SYMBOL        _?ix1000
  C:0E34H         PUBLIC        enterCmp
  C:2883H         SYMBOL        _?ix1001
  C:288CH         SYMBOL        _?ix1002
  C:2895H         SYMBOL        _?ix1003
  C:289EH         SYMBOL        _?ix1004
  C:28A7H         SYMBOL        _?ix1005
BL51 BANKED LINKER/LOCATER V6.22                                                      07/11/2019  09:18:30  PAGE 13


  C:215BH         PUBLIC        dele0
  C:24D1H         PUBLIC        dele1
  C:1C49H         PUBLIC        add0
  C:1E63H         PUBLIC        add1
  C:305BH         PUBLIC        steTime
  X:0281H         SYMBOL        ANS
  C:2FA9H         PUBLIC        up
  X:028BH         SYMBOL        i
  X:028DH         SYMBOL        KEY
  X:0297H         SYMBOL        j
  X:0299H         PUBLIC        startUnderLineId
  C:277AH         PUBLIC        AnsCmpKey
  D:00D0H         PUBLIC        PSW
  C:1D03H         PUBLIC        sub0
  C:1F09H         PUBLIC        sub1
  -------         PROC          _KEYACTION
  X:01C2H         SYMBOL        KeyValue
  C:19D0H         LINE#         61
  C:19D5H         LINE#         62
  C:19D5H         LINE#         63
  C:19DBH         LINE#         64
  C:19DBH         LINE#         65
  C:19EAH         LINE#         66
  C:19EAH         LINE#         67
  C:19EFH         LINE#         68
  C:19F4H         LINE#         69
  C:19F7H         LINE#         70
  C:19F7H         LINE#         71
  C:19F7H         LINE#         72
  C:19F7H         LINE#         74
  C:1A02H         LINE#         75
  C:1A02H         LINE#         76
  C:1A08H         LINE#         77
  C:1A08H         LINE#         78
  C:1A2EH         LINE#         79
  C:1A2EH         LINE#         80
  C:1A33H         LINE#         81
  C:1A38H         LINE#         82
  C:1A3AH         LINE#         83
  C:1A3CH         LINE#         84
  C:1A3EH         LINE#         85
  C:1A43H         LINE#         86
  C:1A45H         LINE#         87
  C:1A47H         LINE#         88
  C:1A4CH         LINE#         89
  C:1A4CH         LINE#         90
  C:1A4CH         LINE#         91
  C:1A4CH         LINE#         93
  C:1A4CH         LINE#         94
  C:1A72H         LINE#         95
  C:1A72H         LINE#         96
  C:1A77H         LINE#         97
  C:1A7CH         LINE#         98
  C:1A81H         LINE#         99
  C:1A86H         LINE#         100
  C:1A8BH         LINE#         101
  C:1A90H         LINE#         102
BL51 BANKED LINKER/LOCATER V6.22                                                      07/11/2019  09:18:30  PAGE 14


  C:1A95H         LINE#         103
  C:1A9AH         LINE#         104
  C:1A9DH         LINE#         105
  C:1A9DH         LINE#         106
  C:1A9DH         LINE#         107
  C:1A9DH         LINE#         109
  C:1A9DH         LINE#         111
  C:1AA4H         LINE#         112
  C:1AA4H         LINE#         113
  C:1AACH         LINE#         114
  C:1AACH         LINE#         115
  C:1AAFH         LINE#         116
  C:1AAFH         LINE#         117
  C:1AAFH         LINE#         118
  C:1AAFH         LINE#         119
  -------         ENDPROC       _KEYACTION
  -------         PROC          UP
  C:2FA9H         LINE#         122
  C:2FA9H         LINE#         123
  C:2FA9H         LINE#         125
  C:2FAFH         LINE#         126
  C:2FAFH         LINE#         127
  C:2FB0H         LINE#         128
  C:2FB2H         LINE#         130
  C:2FB2H         LINE#         131
  C:2FB8H         LINE#         132
  C:2FB8H         LINE#         134
  -------         ENDPROC       UP
  -------         PROC          DOWN
  C:2F43H         LINE#         136
  C:2F43H         LINE#         137
  C:2F43H         LINE#         139
  C:2F4AH         LINE#         140
  C:2F4AH         LINE#         141
  C:2F4DH         LINE#         142
  C:2F4FH         LINE#         144
  C:2F4FH         LINE#         145
  C:2F55H         LINE#         146
  C:2F55H         LINE#         148
  -------         ENDPROC       DOWN
  -------         PROC          ENTERGAME
  -------         DO            
  X:01C3H         SYMBOL        tab
  -------         ENDDO         
  C:2974H         LINE#         151
  C:2974H         LINE#         152
  C:2974H         LINE#         154
  C:297AH         LINE#         155
  C:297AH         LINE#         156
  C:297FH         LINE#         157
  C:2982H         LINE#         158
  C:2985H         LINE#         159
  C:2985H         LINE#         160
  C:298DH         LINE#         161
  C:298DH         LINE#         162
  C:299FH         LINE#         163
  C:29A2H         LINE#         164
BL51 BANKED LINKER/LOCATER V6.22                                                      07/11/2019  09:18:30  PAGE 15


  C:29AFH         LINE#         166
  C:29B4H         LINE#         167
  C:29BAH         LINE#         168
  C:29BAH         LINE#         170
  C:29C1H         LINE#         171
  C:29C1H         LINE#         172
  C:29C7H         LINE#         173
  C:29CCH         LINE#         174
  C:29D2H         LINE#         175
  C:29D2H         LINE#         176
  -------         ENDPROC       ENTERGAME
  -------         PROC          ADD0
  C:1C49H         LINE#         179
  C:1C49H         LINE#         180
  C:1C49H         LINE#         182
  C:1C60H         LINE#         183
  C:1C8DH         LINE#         184
  C:1CEDH         LINE#         185
  C:1CF6H         LINE#         186
  -------         ENDPROC       ADD0
  -------         PROC          SUB0
  C:1D03H         LINE#         189
  C:1D03H         LINE#         190
  C:1D03H         LINE#         192
  C:1D1AH         LINE#         193
  C:1D45H         LINE#         194
  C:1DA5H         LINE#         195
  C:1DAEH         LINE#         196
  -------         ENDPROC       SUB0
  -------         PROC          LEFT
  C:2F77H         LINE#         199
  C:2F77H         LINE#         200
  C:2F77H         LINE#         202
  C:2F82H         LINE#         203
  C:2F88H         LINE#         204
  -------         ENDPROC       LEFT
  -------         PROC          RIGHT
  C:2F90H         LINE#         207
  C:2F90H         LINE#         208
  C:2F90H         LINE#         210
  C:2F9BH         LINE#         211
  C:2FA1H         LINE#         212
  -------         ENDPROC       RIGHT
  -------         PROC          DELE0
  C:215BH         LINE#         215
  C:215BH         LINE#         216
  C:215BH         LINE#         218
  C:216EH         LINE#         219
  C:21CEH         LINE#         220
  C:21D7H         LINE#         221
  -------         ENDPROC       DELE0
  -------         PROC          MODE
  C:2EB5H         LINE#         224
  C:2EB5H         LINE#         225
  C:2EB5H         LINE#         227
  C:2EB8H         LINE#         228
  C:2EC2H         LINE#         229
BL51 BANKED LINKER/LOCATER V6.22                                                      07/11/2019  09:18:30  PAGE 16


  C:2EC2H         LINE#         230
  C:2EC2H         LINE#         231
  C:2EC8H         LINE#         232
  C:2ECBH         LINE#         233
  C:2ECDH         LINE#         234
  C:2ECDH         LINE#         235
  C:2ED2H         LINE#         236
  C:2ED5H         LINE#         237
  C:2ED5H         LINE#         238
  C:2ED5H         LINE#         239
  C:2ED8H         LINE#         240
  -------         ENDPROC       MODE
  -------         PROC          ESC
  C:3029H         LINE#         243
  C:3029H         LINE#         244
  C:3029H         LINE#         246
  C:302EH         LINE#         247
  C:3032H         LINE#         248
  C:3034H         LINE#         249
  C:3037H         LINE#         250
  -------         ENDPROC       ESC
  -------         PROC          CLEAR0
  C:21E4H         LINE#         253
  C:21E4H         LINE#         254
  C:21E4H         LINE#         256
  C:21EBH         LINE#         257
  C:21EFH         LINE#         258
  C:21F3H         LINE#         259
  C:21F7H         LINE#         260
  C:21FBH         LINE#         261
  C:2251H         LINE#         262
  C:225AH         LINE#         263
  -------         ENDPROC       CLEAR0
  -------         PROC          ADD1
  C:1E63H         LINE#         268
  C:1E63H         LINE#         269
  C:1E63H         LINE#         271
  C:1E7AH         LINE#         272
  C:1EA7H         LINE#         273
  C:1EF3H         LINE#         274
  C:1EFCH         LINE#         275
  -------         ENDPROC       ADD1
  -------         PROC          SUB1
  C:1F09H         LINE#         278
  C:1F09H         LINE#         279
  C:1F09H         LINE#         281
  C:1F20H         LINE#         282
  C:1F4BH         LINE#         283
  C:1F97H         LINE#         284
  C:1FA0H         LINE#         285
  -------         ENDPROC       SUB1
  -------         PROC          DELE1
  C:24D1H         LINE#         288
  C:24D1H         LINE#         289
  C:24D1H         LINE#         291
  C:24E4H         LINE#         292
  C:24ECH         LINE#         293
BL51 BANKED LINKER/LOCATER V6.22                                                      07/11/2019  09:18:30  PAGE 17


  C:2538H         LINE#         294
  -------         ENDPROC       DELE1
  -------         PROC          CLEAR1
  C:236BH         LINE#         297
  C:236BH         LINE#         298
  C:236BH         LINE#         300
  C:2372H         LINE#         301
  C:2376H         LINE#         302
  C:237AH         LINE#         303
  C:237EH         LINE#         304
  C:2382H         LINE#         305
  C:238AH         LINE#         306
  C:23D6H         LINE#         307
  -------         ENDPROC       CLEAR1
  -------         PROC          RANDANS
  C:1FADH         LINE#         311
  C:1FADH         LINE#         312
  C:1FADH         LINE#         313
  C:1FB3H         LINE#         314
  C:1FB3H         LINE#         315
  C:1FB9H         LINE#         316
  C:1FB9H         LINE#         317
  C:1FDFH         LINE#         318
  C:1FFBH         LINE#         319
  C:1FFBH         LINE#         321
  C:1FFBH         LINE#         322
  C:2002H         LINE#         323
  C:2002H         LINE#         324
  C:2028H         LINE#         325
  C:2043H         LINE#         326
  C:2043H         LINE#         327
  -------         ENDPROC       RANDANS
  -------         PROC          ANSCMPKEY
  C:277AH         LINE#         329
  C:277AH         LINE#         330
  C:277AH         LINE#         331
  C:2793H         LINE#         332
  C:2793H         LINE#         333
  C:27C4H         LINE#         334
  C:27C4H         LINE#         335
  C:27C7H         LINE#         336
  C:27C7H         LINE#         337
  C:27D4H         LINE#         338
  C:27D4H         LINE#         339
  C:27D7H         LINE#         340
  C:27D7H         LINE#         341
  C:27E3H         LINE#         342
  C:27E5H         LINE#         343
  -------         ENDPROC       ANSCMPKEY
  -------         PROC          ENTERCMP
  -------         DO            
  X:01C3H         SYMBOL        str1
  X:01CCH         SYMBOL        str2
  X:01D5H         SYMBOL        str3
  X:01DEH         SYMBOL        str4
  X:01E7H         SYMBOL        str5
  -------         ENDDO         
BL51 BANKED LINKER/LOCATER V6.22                                                      07/11/2019  09:18:30  PAGE 18


  C:0E34H         LINE#         345
  C:0E34H         LINE#         346
  C:0E34H         LINE#         347
  C:0E47H         LINE#         348
  C:0E5AH         LINE#         349
  C:0E6DH         LINE#         350
  C:0E80H         LINE#         351
  C:0E93H         LINE#         354
  C:0E96H         LINE#         355
  C:0EA1H         LINE#         356
  C:0EA1H         LINE#         357
  C:0EA3H         LINE#         358
  C:0EACH         LINE#         359
  C:0ED0H         LINE#         360
  C:0ED9H         LINE#         361
  C:0EE6H         LINE#         363
  C:0EF3H         LINE#         364
  C:0EFDH         LINE#         365
  C:0F2FH         LINE#         366
  C:0F3CH         LINE#         367
  C:0F46H         LINE#         368
  C:0F77H         LINE#         369
  C:0F84H         LINE#         371
  C:0F8BH         LINE#         372
  C:0F8BH         LINE#         373
  C:0F8EH         LINE#         374
  C:0F90H         LINE#         376
  C:0F90H         LINE#         377
  C:0F93H         LINE#         378
  C:0F93H         LINE#         379
  C:0F96H         LINE#         380
  C:0F99H         LINE#         381
  C:0F9CH         LINE#         383
  C:0F9CH         LINE#         384
  C:0FA5H         LINE#         385
  C:0FABH         LINE#         386
  C:0FABH         LINE#         387
  C:0FB8H         LINE#         388
  C:0FB8H         LINE#         390
  C:0FBEH         LINE#         391
  C:0FBEH         LINE#         392
  C:0FCBH         LINE#         393
  C:0FCBH         LINE#         395
  C:0FD5H         LINE#         396
  C:1006H         LINE#         398
  C:100FH         LINE#         399
  C:1017H         LINE#         400
  C:1017H         LINE#         401
  C:106BH         LINE#         402
  C:106BH         LINE#         403
  C:106DH         LINE#         405
  C:106DH         LINE#         406
  C:10B7H         LINE#         407
  C:10C4H         LINE#         408
  C:10C4H         LINE#         409
  C:10C4H         LINE#         410
  -------         ENDPROC       ENTERCMP
BL51 BANKED LINKER/LOCATER V6.22                                                      07/11/2019  09:18:30  PAGE 19


  -------         PROC          STETIME
  C:305BH         LINE#         414
  C:305BH         LINE#         415
  C:305BH         LINE#         416
  C:305EH         LINE#         417
  C:3067H         LINE#         418
  -------         ENDPROC       STETIME
  -------         ENDMOD        KEYACTION

  -------         MODULE        KEYBOARD
  C:0000H         SYMBOL        _ICE_DUMMY_
  D:0080H         PUBLIC        P0
  D:0090H         PUBLIC        P1
  D:00A0H         PUBLIC        P2
  D:00B0H         PUBLIC        P3
  D:00C0H         PUBLIC        P4
  D:00C8H         PUBLIC        P5
  D:00E8H         PUBLIC        P6
  D:00F8H         PUBLIC        P7
  X:02BBH         PUBLIC        current
  D:00A8H         PUBLIC        IE
  D:00B8H         PUBLIC        IP
  C:166BH         PUBLIC        keyScanner
  D:00D8H         PUBLIC        CCON
  B:00A0H.4       PUBLIC        keyIn1
  D:0098H         PUBLIC        SCON
  B:00A0H.5       PUBLIC        keyIn2
  D:0088H         PUBLIC        TCON
  B:00A0H.6       PUBLIC        keyIn3
  B:00A0H.3       PUBLIC        keyOut1
  B:00A0H.7       PUBLIC        keyIn4
  B:00A0H.2       PUBLIC        keyOut2
  B:00A0H.1       PUBLIC        keyOut3
  B:00A0H.0       PUBLIC        keyOut4
  C:1AB0H         PUBLIC        keyDriver
  C:304BH         PUBLIC        hashMap
  D:00D0H         PUBLIC        PSW
  -------         PROC          KEYSCANNER
  -------         DO            
  D:0007H         SYMBOL        k
  X:029AH         SYMBOL        keyout
  X:029BH         SYMBOL        state
  -------         ENDDO         
  C:166BH         LINE#         42
  C:166BH         LINE#         43
  C:166BH         LINE#         53
  C:1697H         LINE#         54
  C:16C3H         LINE#         55
  C:16EFH         LINE#         56
  C:171BH         LINE#         57
  C:171DH         LINE#         58
  C:1740H         LINE#         59
  C:175BH         LINE#         60
  C:175DH         LINE#         61
  C:1760H         LINE#         62
  C:177AH         LINE#         63
  C:177AH         LINE#         64
BL51 BANKED LINKER/LOCATER V6.22                                                      07/11/2019  09:18:30  PAGE 20


  C:177FH         LINE#         65
  C:1785H         LINE#         66
  C:1789H         LINE#         67
  C:1796H         LINE#         68
  C:1796H         LINE#         69
  C:179BH         LINE#         70
  C:179BH         LINE#         71
  C:17A0H         LINE#         72
  C:17A0H         LINE#         73
  C:17A5H         LINE#         74
  C:17A5H         LINE#         75
  C:17A9H         LINE#         76
  C:17A9H         LINE#         77
  C:17A9H         LINE#         78
  C:17A9H         LINE#         79
  -------         ENDPROC       KEYSCANNER
  -------         PROC          KEYDRIVER
  -------         DO            
  X:01C0H         SYMBOL        k
  X:01C1H         SYMBOL        i
  X:02ABH         SYMBOL        previous
  -------         ENDDO         
  C:1AB0H         LINE#         81
  C:1AB0H         LINE#         82
  C:1AB0H         LINE#         93
  C:1AB5H         LINE#         94
  C:1AC6H         LINE#         95
  C:1B03H         LINE#         96
  C:1B06H         LINE#         97
  C:1B2CH         LINE#         98
  C:1B2CH         LINE#         99
  C:1B69H         LINE#         100
  C:1B69H         LINE#         101
  C:1B72H         LINE#         102
  C:1B81H         LINE#         103
  -------         ENDPROC       KEYDRIVER
  -------         ENDMOD        KEYBOARD

  -------         MODULE        LCD12864
  C:0000H         SYMBOL        _ICE_DUMMY_
  D:0092H         PUBLIC        P1M0
  D:0093H         PUBLIC        P0M1
  B:00B0H.7       PUBLIC        LCD12864_E
  D:0096H         PUBLIC        P2M0
  D:0091H         PUBLIC        P1M1
  D:0080H         PUBLIC        P0
  D:00B2H         PUBLIC        P3M0
  D:0095H         PUBLIC        P2M1
  D:0090H         PUBLIC        P1
  D:00B4H         PUBLIC        P4M0
  D:00B1H         PUBLIC        P3M1
  D:00A0H         PUBLIC        P2
  D:00B3H         PUBLIC        P4M1
  D:00B0H         PUBLIC        P3
  D:00C0H         PUBLIC        P4
  D:00C8H         PUBLIC        P5
  D:00E8H         PUBLIC        P6
BL51 BANKED LINKER/LOCATER V6.22                                                      07/11/2019  09:18:30  PAGE 21


  D:00F8H         PUBLIC        P7
  C:2BFEH         PUBLIC        img_dele_line_start1
  C:2D66H         PUBLIC        img_dele_line_start2
  C:2DBEH         PUBLIC        img_dele_line_start3
  C:2E14H         PUBLIC        _LCD12864SetCursor
  C:2BBDH         PUBLIC        img_line_start1
  C:2D3AH         PUBLIC        img_line_start2
  D:00A8H         PUBLIC        IE
  C:2D92H         PUBLIC        img_line_start3
  C:3003H         PUBLIC        initLCD12864
  D:00B8H         PUBLIC        IP
  D:00D8H         PUBLIC        CCON
  C:23E3H         PUBLIC        img_clear
  C:2C7FH         PUBLIC        _underLine
  C:2D28H         PUBLIC        _LCD12864WriteCommand
  C:2FD7H         PUBLIC        IO_init
  D:0098H         PUBLIC        SCON
  D:0088H         PUBLIC        TCON
  C:2EDBH         PUBLIC        _startUnderLine
  C:2C3FH         PUBLIC        img_dele_underLine
  C:303AH         PUBLIC        _LCD12864EraseArea
  C:2CDFH         PUBLIC        _img_underLine
  C:2545H         PUBLIC        _img_disp
  B:00B0H.5       PUBLIC        LCD12864_RS
  B:00B0H.6       PUBLIC        LCD12864_RW
  C:2A1DH         PUBLIC        _LCD12864WriteData
  X:02D7H         PUBLIC        i
  C:0003H         PUBLIC        LCD12864EraseAll
  X:02D8H         PUBLIC        j
  C:3017H         PUBLIC        LCD12864WaitReady
  C:2E66H         PUBLIC        _LCD12864ShowString
  D:00D0H         PUBLIC        PSW
  D:0094H         PUBLIC        P0M0
  -------         PROC          LCD12864WAITREADY
  -------         DO            
  D:0007H         SYMBOL        state
  -------         ENDDO         
  C:3017H         LINE#         41
  C:3017H         LINE#         42
  C:3017H         LINE#         45
  C:301AH         LINE#         46
  C:301CH         LINE#         47
  C:301EH         LINE#         49
  C:301EH         LINE#         50
  C:3020H         LINE#         51
  C:3022H         LINE#         52
  C:3024H         LINE#         53
  C:3028H         LINE#         54
  -------         ENDPROC       LCD12864WAITREADY
  C:2D0DH         SYMBOL        L?0098
  C:2D22H         SYMBOL        L?0099
  -------         PROC          L?0097
  -------         ENDPROC       L?0097
  C:2D0DH         SYMBOL        L?0098
  C:2D22H         SYMBOL        L?0099
  -------         PROC          _LCD12864WRITECOMMAND
  D:0006H         SYMBOL        command
BL51 BANKED LINKER/LOCATER V6.22                                                      07/11/2019  09:18:30  PAGE 22


  C:2D28H         LINE#         57
  C:2D2AH         LINE#         58
  C:2D2AH         LINE#         59
  C:2D2DH         LINE#         60
  C:2D2FH         LINE#         61
  C:2D31H         LINE#         62
  C:2D35H         LINE#         63
  C:2D37H         LINE#         64
  C:2D39H         LINE#         65
  -------         ENDPROC       _LCD12864WRITECOMMAND
  -------         PROC          INITLCD12864
  C:3003H         LINE#         68
  C:3003H         LINE#         69
  C:3003H         LINE#         70
  C:3008H         LINE#         71
  C:300DH         LINE#         72
  C:3012H         LINE#         73
  -------         ENDPROC       INITLCD12864
  -------         PROC          L?0100
  -------         ENDPROC       L?0100
  -------         PROC          _LCD12864WRITEDATA
  D:0006H         SYMBOL        dat
  C:2A1DH         LINE#         77
  C:2A1FH         LINE#         78
  C:2A1FH         LINE#         79
  C:2A22H         LINE#         80
  C:2A24H         LINE#         81
  C:2A26H         LINE#         82
  C:2A2AH         LINE#         83
  C:2A2CH         LINE#         84
  C:2A2EH         LINE#         85
  -------         ENDPROC       _LCD12864WRITEDATA
  -------         PROC          _LCD12864SETCURSOR
  D:0007H         SYMBOL        x
  D:0005H         SYMBOL        y
  -------         DO            
  D:0004H         SYMBOL        address
  -------         ENDDO         
  C:2E14H         LINE#         88
  C:2E14H         LINE#         89
  C:2E14H         LINE#         91
  C:2E17H         LINE#         92
  C:2E17H         LINE#         93
  C:2E1BH         LINE#         94
  C:2E21H         LINE#         95
  C:2E21H         LINE#         96
  C:2E25H         LINE#         97
  C:2E2BH         LINE#         98
  C:2E2BH         LINE#         99
  C:2E2FH         LINE#         100
  C:2E35H         LINE#         101
  C:2E35H         LINE#         102
  C:2E39H         LINE#         103
  C:2E39H         LINE#         104
  -------         ENDPROC       _LCD12864SETCURSOR
  -------         PROC          _LCD12864SHOWSTRING
  D:0007H         SYMBOL        x
BL51 BANKED LINKER/LOCATER V6.22                                                      07/11/2019  09:18:30  PAGE 23


  D:0005H         SYMBOL        y
  X:0240H         SYMBOL        str
  C:2E66H         LINE#         108
  C:2E6CH         LINE#         109
  C:2E6CH         LINE#         110
  C:2E6FH         LINE#         111
  C:2E7AH         LINE#         112
  C:2E8BH         LINE#         113
  C:2E8DH         LINE#         114
  -------         ENDPROC       _LCD12864SHOWSTRING
  -------         PROC          _LCD12864ERASEAREA
  D:0007H         SYMBOL        x
  D:0005H         SYMBOL        y
  D:0003H         SYMBOL        size
  C:303AH         LINE#         117
  C:303AH         LINE#         118
  C:303AH         LINE#         119
  C:303DH         LINE#         120
  C:3043H         LINE#         121
  C:3048H         LINE#         122
  C:304AH         LINE#         123
  -------         ENDPROC       _LCD12864ERASEAREA
  -------         PROC          LCD12864ERASEALL
  C:0003H         LINE#         126
  C:0003H         LINE#         127
  C:0003H         LINE#         128
  -------         ENDPROC       LCD12864ERASEALL
  -------         PROC          IO_INIT
  C:2FD7H         LINE#         132
  C:2FD7H         LINE#         133
  C:2FD7H         LINE#         134
  C:2FDAH         LINE#         135
  C:2FDCH         LINE#         137
  C:2FDEH         LINE#         138
  C:2FE0H         LINE#         140
  C:2FE2H         LINE#         141
  C:2FE4H         LINE#         143
  C:2FE6H         LINE#         144
  C:2FE8H         LINE#         146
  C:2FEAH         LINE#         147
  C:2FECH         LINE#         148
  -------         ENDPROC       IO_INIT
  -------         PROC          _IMG_DISP
  D:0004H         SYMBOL        img
  C:2545H         LINE#         152
  C:2549H         LINE#         153
  C:2549H         LINE#         154
  C:254EH         LINE#         155
  C:254EH         LINE#         156
  C:2553H         LINE#         157
  C:2553H         LINE#         158
  C:2558H         LINE#         159
  C:2562H         LINE#         160
  C:2568H         LINE#         161
  C:256BH         LINE#         162
  C:256BH         LINE#         163
  C:256EH         LINE#         164
BL51 BANKED LINKER/LOCATER V6.22                                                      07/11/2019  09:18:30  PAGE 24


  C:257AH         LINE#         165
  C:2586H         LINE#         166
  C:258CH         LINE#         167
  C:258CH         LINE#         168
  C:2591H         LINE#         169
  C:2591H         LINE#         170
  C:2591H         LINE#         171
  C:2591H         LINE#         172
  C:2591H         LINE#         173
  C:2594H         LINE#         174
  C:2594H         LINE#         175
  C:2597H         LINE#         176
  C:25A3H         LINE#         177
  C:25AFH         LINE#         178
  C:25B4H         LINE#         179
  -------         ENDPROC       _IMG_DISP
  -------         PROC          IMG_CLEAR
  C:23E3H         LINE#         183
  C:23E3H         LINE#         184
  C:23E3H         LINE#         185
  C:23E8H         LINE#         186
  C:23E8H         LINE#         187
  C:23EDH         LINE#         188
  C:23EDH         LINE#         189
  C:23F2H         LINE#         190
  C:23FCH         LINE#         191
  C:2402H         LINE#         192
  C:2405H         LINE#         193
  C:240AH         LINE#         194
  C:240FH         LINE#         195
  C:2418H         LINE#         196
  C:2424H         LINE#         197
  C:242AH         LINE#         198
  C:242AH         LINE#         199
  C:242FH         LINE#         200
  C:242FH         LINE#         201
  C:242FH         LINE#         202
  C:242FH         LINE#         203
  C:242FH         LINE#         204
  C:2432H         LINE#         205
  C:2437H         LINE#         206
  C:243CH         LINE#         207
  C:2445H         LINE#         208
  C:2451H         LINE#         209
  C:2456H         LINE#         210
  -------         ENDPROC       IMG_CLEAR
  -------         PROC          _STARTUNDERLINE
  X:01C3H         SYMBOL        id
  C:2EDBH         LINE#         214
  C:2EE0H         LINE#         215
  C:2EE0H         LINE#         216
  C:2EE3H         LINE#         217
  C:2EE6H         LINE#         218
  C:2EE9H         LINE#         219
  C:2EF7H         LINE#         220
  C:2EF7H         LINE#         221
  C:2EF7H         LINE#         222
BL51 BANKED LINKER/LOCATER V6.22                                                      07/11/2019  09:18:30  PAGE 25


  C:2EFAH         LINE#         223
  C:2EFAH         LINE#         224
  C:2EFAH         LINE#         225
  C:2EFDH         LINE#         226
  C:2EFDH         LINE#         227
  C:2EFDH         LINE#         228
  C:2F00H         LINE#         229
  C:2F00H         LINE#         230
  C:2F00H         LINE#         231
  C:2F00H         LINE#         232
  -------         ENDPROC       _STARTUNDERLINE
  -------         PROC          IMG_LINE_START1
  C:2BBDH         LINE#         235
  C:2BBDH         LINE#         236
  C:2BBDH         LINE#         237
  C:2BC3H         LINE#         238
  C:2BC9H         LINE#         239
  C:2BC9H         LINE#         240
  C:2BCEH         LINE#         241
  C:2BD8H         LINE#         242
  C:2BDEH         LINE#         243
  C:2BE1H         LINE#         244
  C:2BE6H         LINE#         245
  C:2BEBH         LINE#         246
  C:2BF4H         LINE#         247
  C:2BF9H         LINE#         248
  -------         ENDPROC       IMG_LINE_START1
  -------         PROC          IMG_DELE_LINE_START1
  C:2BFEH         LINE#         252
  C:2BFEH         LINE#         253
  C:2BFEH         LINE#         254
  C:2C04H         LINE#         255
  C:2C0AH         LINE#         256
  C:2C0AH         LINE#         257
  C:2C0FH         LINE#         258
  C:2C19H         LINE#         259
  C:2C1FH         LINE#         260
  C:2C22H         LINE#         261
  C:2C27H         LINE#         262
  C:2C2CH         LINE#         263
  C:2C35H         LINE#         264
  C:2C3AH         LINE#         265
  -------         ENDPROC       IMG_DELE_LINE_START1
  -------         PROC          IMG_LINE_START2
  C:2D3AH         LINE#         268
  C:2D3AH         LINE#         269
  C:2D3AH         LINE#         270
  C:2D40H         LINE#         271
  C:2D46H         LINE#         272
  C:2D46H         LINE#         273
  C:2D46H         LINE#         274
  C:2D46H         LINE#         275
  C:2D46H         LINE#         276
  C:2D49H         LINE#         277
  C:2D4EH         LINE#         278
  C:2D53H         LINE#         279
  C:2D5CH         LINE#         280
BL51 BANKED LINKER/LOCATER V6.22                                                      07/11/2019  09:18:30  PAGE 26


  C:2D61H         LINE#         281
  -------         ENDPROC       IMG_LINE_START2
  -------         PROC          IMG_DELE_LINE_START2
  C:2D66H         LINE#         284
  C:2D66H         LINE#         285
  C:2D66H         LINE#         286
  C:2D6CH         LINE#         287
  C:2D72H         LINE#         288
  C:2D72H         LINE#         289
  C:2D72H         LINE#         290
  C:2D72H         LINE#         291
  C:2D72H         LINE#         292
  C:2D75H         LINE#         293
  C:2D7AH         LINE#         294
  C:2D7FH         LINE#         295
  C:2D88H         LINE#         296
  C:2D8DH         LINE#         297
  -------         ENDPROC       IMG_DELE_LINE_START2
  -------         PROC          IMG_LINE_START3
  C:2D92H         LINE#         301
  C:2D92H         LINE#         302
  C:2D92H         LINE#         303
  C:2D98H         LINE#         304
  C:2D9EH         LINE#         305
  C:2D9EH         LINE#         306
  C:2D9EH         LINE#         307
  C:2D9EH         LINE#         308
  C:2D9EH         LINE#         309
  C:2DA1H         LINE#         310
  C:2DA6H         LINE#         311
  C:2DABH         LINE#         312
  C:2DB4H         LINE#         313
  C:2DB9H         LINE#         314
  -------         ENDPROC       IMG_LINE_START3
  -------         PROC          IMG_DELE_LINE_START3
  C:2DBEH         LINE#         317
  C:2DBEH         LINE#         318
  C:2DBEH         LINE#         319
  C:2DC4H         LINE#         320
  C:2DCAH         LINE#         321
  C:2DCAH         LINE#         322
  C:2DCAH         LINE#         323
  C:2DCAH         LINE#         324
  C:2DCAH         LINE#         325
  C:2DCDH         LINE#         326
  C:2DD2H         LINE#         327
  C:2DD7H         LINE#         328
  C:2DE0H         LINE#         329
  C:2DE5H         LINE#         330
  -------         ENDPROC       IMG_DELE_LINE_START3
  -------         PROC          _UNDERLINE
  X:01F0H         SYMBOL        id
  C:2C7FH         LINE#         335
  C:2C84H         LINE#         336
  C:2C84H         LINE#         337
  C:2C87H         LINE#         338
  C:2C9BH         LINE#         339
BL51 BANKED LINKER/LOCATER V6.22                                                      07/11/2019  09:18:30  PAGE 27


  C:2C9BH         LINE#         340
  C:2C9FH         LINE#         341
  C:2CA3H         LINE#         342
  C:2CA7H         LINE#         343
  C:2CABH         LINE#         344
  C:2CB0H         LINE#         345
  C:2CB0H         LINE#         346
  C:2CB0H         LINE#         347
  -------         ENDPROC       _UNDERLINE
  -------         PROC          _IMG_UNDERLINE
  D:0005H         SYMBOL        k
  C:2CDFH         LINE#         349
  C:2CE1H         LINE#         350
  C:2CE1H         LINE#         351
  C:2CE7H         LINE#         352
  C:2CECH         LINE#         353
  C:2CF3H         LINE#         354
  C:2CF6H         LINE#         355
  C:2CF9H         LINE#         356
  C:2CFEH         LINE#         357
  C:2D03H         LINE#         358
  C:2D08H         LINE#         359
  -------         ENDPROC       _IMG_UNDERLINE
  -------         PROC          IMG_DELE_UNDERLINE
  C:2C3FH         LINE#         362
  C:2C3FH         LINE#         363
  C:2C3FH         LINE#         364
  C:2C45H         LINE#         365
  C:2C4AH         LINE#         366
  C:2C4AH         LINE#         367
  C:2C4FH         LINE#         368
  C:2C59H         LINE#         369
  C:2C5FH         LINE#         370
  C:2C62H         LINE#         371
  C:2C67H         LINE#         372
  C:2C6CH         LINE#         373
  C:2C75H         LINE#         374
  C:2C7AH         LINE#         375
  -------         ENDPROC       IMG_DELE_UNDERLINE
  -------         ENDMOD        LCD12864

  -------         MODULE        TIMEN
  C:0000H         SYMBOL        _ICE_DUMMY_
  C:269DH         PUBLIC        _configureTimer1
  C:2FC0H         PUBLIC        configureTimer2
  D:0080H         PUBLIC        P0
  D:0090H         PUBLIC        P1
  D:00A0H         PUBLIC        P2
  D:00B0H         PUBLIC        P3
  D:00C0H         PUBLIC        P4
  D:00C8H         PUBLIC        P5
  D:00E8H         PUBLIC        P6
  D:00F8H         PUBLIC        P7
  D:00A8H         PUBLIC        IE
  D:00B8H         PUBLIC        IP
  D:00D8H         PUBLIC        CCON
  X:02CBH         PUBLIC        count
BL51 BANKED LINKER/LOCATER V6.22                                                      07/11/2019  09:18:30  PAGE 28


  X:02CDH         PUBLIC        time
  D:0098H         PUBLIC        SCON
  X:02CFH         PUBLIC        Timer1
  D:0089H         PUBLIC        TMOD
  D:0088H         PUBLIC        TCON
  X:02D1H         PUBLIC        Timer2
  D:00AFH         PUBLIC        IE2
  D:008EH         PUBLIC        AUXR
  B:00A8H.3       PUBLIC        ET1
  D:008DH         PUBLIC        TH1
  D:00D6H         PUBLIC        T2H
  D:008BH         PUBLIC        TL1
  D:00D7H         PUBLIC        T2L
  B:0088H.4       PUBLIC        TR0
  B:0088H.6       PUBLIC        TR1
  C:2267H         PUBLIC        display
  C:2B78H         PUBLIC        TimerCounter_1
  D:00D0H         PUBLIC        PSW
  C:28B0H         PUBLIC        TimerCounter_2
  C:3078H         PUBLIC        _?configureTimer0
  -------         PROC          _?CONFIGURETIMER0
  C:3078H         LINE#         33
  C:3078H         LINE#         35
  C:307BH         LINE#         36
  C:307EH         LINE#         39
  C:3080H         LINE#         40
  -------         ENDPROC       _?CONFIGURETIMER0
  -------         PROC          _CONFIGURETIMER1
  D:0003H         SYMBOL        ms
  -------         DO            
  X:01C0H         SYMBOL        timer
  -------         ENDDO         
  C:269DH         LINE#         43
  C:269FH         LINE#         44
  C:269FH         LINE#         45
  C:26A9H         LINE#         46
  C:26C8H         LINE#         47
  C:26E2H         LINE#         48
  C:26EFH         LINE#         49
  C:26F7H         LINE#         50
  C:26FDH         LINE#         51
  C:2701H         LINE#         52
  C:2704H         LINE#         53
  C:2707H         LINE#         54
  C:2709H         LINE#         55
  C:270BH         LINE#         56
  -------         ENDPROC       _CONFIGURETIMER1
  -------         PROC          TIMERCOUNTER_1
  C:2B78H         LINE#         59
  C:2B95H         LINE#         61
  C:2B9BH         LINE#         62
  C:2B9FH         LINE#         63
  C:2BA2H         LINE#         64
  -------         ENDPROC       TIMERCOUNTER_1
  -------         PROC          CONFIGURETIMER2
  C:2FC0H         LINE#         68
  C:2FC0H         LINE#         69
BL51 BANKED LINKER/LOCATER V6.22                                                      07/11/2019  09:18:30  PAGE 29


  C:2FC0H         LINE#         70
  C:2FC3H         LINE#         71
  C:2FC6H         LINE#         72
  C:2FC9H         LINE#         73
  C:2FCFH         LINE#         74
  C:2FD3H         LINE#         76
  C:2FD6H         LINE#         77
  -------         ENDPROC       CONFIGURETIMER2
  -------         PROC          TIMERCOUNTER_2
  C:28B0H         LINE#         80
  C:28CDH         LINE#         82
  C:28D3H         LINE#         83
  C:28D7H         LINE#         84
  C:28E1H         LINE#         85
  C:28EDH         LINE#         86
  C:28EDH         LINE#         87
  C:28F0H         LINE#         89
  C:28F7H         LINE#         90
  C:28F7H         LINE#         91
  -------         ENDPROC       TIMERCOUNTER_2
  -------         PROC          DISPLAY
  -------         DO            
  X:022CH         SYMBOL        str
  -------         ENDDO         
  C:2267H         LINE#         95
  C:2267H         LINE#         96
  C:2267H         LINE#         98
  C:228FH         LINE#         99
  C:2298H         LINE#         100
  C:22A5H         LINE#         101
  C:22B1H         LINE#         102
  C:22B1H         LINE#         103
  C:22B4H         LINE#         104
  C:22C9H         LINE#         105
  C:22D2H         LINE#         106
  C:22DFH         LINE#         107
  C:22E2H         LINE#         108
  C:22E8H         LINE#         109
  C:22E8H         LINE#         110
  -------         ENDPROC       DISPLAY
  -------         ENDMOD        TIMEN

  -------         MODULE        INTERFACE
  C:0000H         SYMBOL        _ICE_DUMMY_
  D:0080H         PUBLIC        P0
  D:0090H         PUBLIC        P1
  D:00A0H         PUBLIC        P2
  D:00B0H         PUBLIC        P3
  D:00C0H         PUBLIC        P4
  D:00C8H         PUBLIC        P5
  D:00E8H         PUBLIC        P6
  D:00F8H         PUBLIC        P7
  D:00A8H         PUBLIC        IE
  D:00B8H         PUBLIC        IP
  C:22E9H         PUBLIC        studentInterface
  D:00D8H         PUBLIC        CCON
  C:067DH         PUBLIC        start
BL51 BANKED LINKER/LOCATER V6.22                                                      07/11/2019  09:18:30  PAGE 30


  C:20D0H         PUBLIC        gameInterface
  D:0098H         PUBLIC        SCON
  D:0088H         PUBLIC        TCON
  D:00AFH         PUBLIC        IE2
  C:0A7DH         SYMBOL        _?ix1000
  C:0A86H         SYMBOL        _?ix1001
  C:0A94H         SYMBOL        _?ix1002
  C:0AA0H         SYMBOL        _?ix1003
  C:0AA9H         SYMBOL        _?ix1004
  C:0AAEH         SYMBOL        _?ix1005
  C:0ABCH         SYMBOL        _?ix1006
  C:2F5DH         PUBLIC        startInterface
  C:0AC1H         SYMBOL        _?ix1007
  D:00D0H         PUBLIC        PSW
  -------         PROC          STARTINTERFACE
  C:2F5DH         LINE#         88
  C:2F5DH         LINE#         89
  C:2F5DH         LINE#         90
  C:2F64H         LINE#         91
  C:2F67H         LINE#         92
  C:2F6EH         LINE#         93
  C:2F76H         LINE#         94
  -------         ENDPROC       STARTINTERFACE
  -------         PROC          GAMEINTERFACE
  -------         DO            
  X:01CBH         SYMBOL        tab1
  X:01D4H         SYMBOL        tab2
  X:01E2H         SYMBOL        tab3
  X:01EEH         SYMBOL        tab4
  -------         ENDDO         
  C:20D0H         LINE#         96
  C:20D0H         LINE#         97
  C:20D0H         LINE#         98
  C:20E3H         LINE#         99
  C:20F6H         LINE#         100
  C:2109H         LINE#         101
  C:211CH         LINE#         102
  C:211FH         LINE#         103
  C:212CH         LINE#         104
  C:2139H         LINE#         105
  C:2146H         LINE#         106
  C:2153H         LINE#         107
  C:2156H         LINE#         108
  -------         ENDPROC       GAMEINTERFACE
  -------         PROC          STUDENTINTERFACE
  -------         DO            
  X:01C0H         SYMBOL        tab1
  X:01C5H         SYMBOL        tab2
  X:01D3H         SYMBOL        tab3
  X:01D8H         SYMBOL        tab4
  -------         ENDDO         
  C:22E9H         LINE#         111
  C:22E9H         LINE#         112
  C:22E9H         LINE#         113
  C:22FCH         LINE#         114
  C:230FH         LINE#         115
  C:2322H         LINE#         116
BL51 BANKED LINKER/LOCATER V6.22                                                      07/11/2019  09:18:30  PAGE 31


  C:2335H         LINE#         117
  C:2338H         LINE#         118
  C:2344H         LINE#         119
  C:2351H         LINE#         120
  C:235EH         LINE#         121
  -------         ENDPROC       STUDENTINTERFACE
  -------         ENDMOD        INTERFACE

  -------         MODULE        OS_CORE
  C:0000H         SYMBOL        _ICE_DUMMY_
  I:0023H         PUBLIC        OSRdyGrp
  D:0080H         PUBLIC        P0
  D:0090H         PUBLIC        P1
  D:00A0H         PUBLIC        P2
  D:00B0H         PUBLIC        P3
  D:00C0H         PUBLIC        P4
  D:00C8H         PUBLIC        P5
  B:00A8H.7       PUBLIC        EA
  D:00E8H         PUBLIC        P6
  D:00F8H         PUBLIC        P7
  I:0024H         PUBLIC        OSRunning
  I:0025H         PUBLIC        OSLockNesting
  D:00A8H         PUBLIC        IE
  D:00B8H         PUBLIC        IP
  C:0026H         PUBLIC        _?OS_TaskIdle
  I:0026H         PUBLIC        OSTCBList
  X:0000H         PUBLIC        OSTCBTbl
  I:0029H         PUBLIC        OSTCBFreeList
  D:00D8H         PUBLIC        CCON
  I:002CH         PUBLIC        OSTCBCur
  C:18D0H         PUBLIC        OSUnMapTbl
  I:002FH         PUBLIC        OSIntNesting
  I:0030H         PUBLIC        OSTCBHighRdy
  D:0098H         PUBLIC        SCON
  C:2912H         PUBLIC        _?OSStart
  D:0088H         PUBLIC        TCON
  C:14BAH         PUBLIC        _?OSInit
  I:0033H         PUBLIC        OSTCBPrioTbl
  C:1B82H         PUBLIC        _?OSTimeTick
  I:0045H         PUBLIC        OSIntExitY
  I:0046H         PUBLIC        OSCtxSwCtr
  I:004AH         PUBLIC        OSIdleCtr
  C:306AH         PUBLIC        _?OSIntEnter
  I:004EH         PUBLIC        OSTaskCtr
  C:18C8H         PUBLIC        OSMapTbl
  I:004FH         PUBLIC        OSPrioCur
  C:245BH         PUBLIC        _?OS_Sched
  C:262DH         PUBLIC        _?OSIntExit
  X:00BBH         PUBLIC        OSTaskIdleStk
  C:10CCH         PUBLIC        _?OS_TCBInit
  I:0050H         PUBLIC        OSPrioHighRdy
  X:00FBH         PUBLIC        OSRdyTbl
  D:00D0H         PUBLIC        PSW
  -------         PROC          _?OSINIT
  -------         DO            
  x:0000H         SYMBOL        i
  x:0002H         SYMBOL        prdytbl
BL51 BANKED LINKER/LOCATER V6.22                                                      07/11/2019  09:18:30  PAGE 32


  x:0005H         SYMBOL        ptcb1
  x:0008H         SYMBOL        ptcb2
  -------         ENDDO         
  C:14BAH         LINE#         72
  C:14C0H         LINE#         85
  C:14C3H         LINE#         91
  C:14C7H         LINE#         92
  C:14CAH         LINE#         93
  C:14CDH         LINE#         94
  C:14D0H         LINE#         95
  C:14D9H         LINE#         101
  C:14E2H         LINE#         102
  C:14E6H         LINE#         103
  C:14F7H         LINE#         104
  C:1513H         LINE#         105
  C:1526H         LINE#         106
  C:1534H         LINE#         108
  C:1538H         LINE#         109
  C:153AH         LINE#         110
  C:1542H         LINE#         111
  C:1547H         LINE#         112
  C:154CH         LINE#         113
  C:1569H         LINE#         114
  C:157AH         LINE#         115
  C:1589H         LINE#         116
  C:1598H         LINE#         117
  C:15A7H         LINE#         118
  C:15C3H         LINE#         119
  C:15E1H         LINE#         120
  C:15EFH         LINE#         121
  C:15FDH         LINE#         122
  C:160CH         LINE#         123
  C:1627H         LINE#         124
  C:1632H         LINE#         189
  C:1662H         LINE#         235
  C:1665H         LINE#         237
  -------         ENDPROC       _?OSINIT
  -------         PROC          _?OSINTENTER
  C:306AH         LINE#         262
  C:306AH         LINE#         269
  C:306CH         LINE#         270
  C:3074H         LINE#         271
  C:3075H         LINE#         272
  C:3075H         LINE#         273
  C:3077H         LINE#         274
  -------         ENDPROC       _?OSINTENTER
  -------         PROC          _?OSINTEXIT
  C:262DH         LINE#         295
  C:262DH         LINE#         302
  C:262FH         LINE#         303
  C:2637H         LINE#         304
  C:2638H         LINE#         305
  C:2638H         LINE#         306
  C:2642H         LINE#         307
  C:264CH         LINE#         308
  C:266AH         LINE#         309
  C:266FH         LINE#         310
BL51 BANKED LINKER/LOCATER V6.22                                                      07/11/2019  09:18:30  PAGE 33


  C:2680H         LINE#         311
  C:2697H         LINE#         312
  C:269AH         LINE#         313
  C:269AH         LINE#         314
  C:269AH         LINE#         315
  C:269CH         LINE#         316
  -------         ENDPROC       _?OSINTEXIT
  -------         PROC          _?OSSTART
  -------         DO            
  x:0000H         SYMBOL        y
  x:0001H         SYMBOL        x
  -------         ENDDO         
  C:2912H         LINE#         412
  C:2918H         LINE#         418
  C:291DH         LINE#         419
  C:292AH         LINE#         420
  C:2942H         LINE#         421
  C:2955H         LINE#         422
  C:2957H         LINE#         423
  C:2966H         LINE#         424
  C:296BH         LINE#         425
  C:296EH         LINE#         426
  C:296EH         LINE#         427
  -------         ENDPROC       _?OSSTART
  -------         PROC          _?OSTIMETICK
  -------         DO            
  x:0000H         SYMBOL        ptcb
  -------         ENDDO         
  C:1B82H         LINE#         483
  C:1B88H         LINE#         491
  C:1B8BH         LINE#         497
  C:1B99H         LINE#         498
  C:1BAFH         LINE#         499
  C:1BB1H         LINE#         500
  C:1BBBH         LINE#         501
  C:1BD2H         LINE#         502
  C:1BDBH         LINE#         503
  C:1BE5H         LINE#         504
  C:1C11H         LINE#         505
  C:1C13H         LINE#         506
  C:1C26H         LINE#         507
  C:1C26H         LINE#         508
  C:1C26H         LINE#         509
  C:1C26H         LINE#         510
  C:1C3EH         LINE#         511
  C:1C40H         LINE#         512
  C:1C43H         LINE#         513
  -------         ENDPROC       _?OSTIMETICK
  -------         PROC          _?OS_SCHED
  -------         DO            
  x:0000H         SYMBOL        y
  -------         ENDDO         
  C:245BH         LINE#         737
  C:2461H         LINE#         745
  C:2463H         LINE#         746
  C:246DH         LINE#         747
  C:247BH         LINE#         748
BL51 BANKED LINKER/LOCATER V6.22                                                      07/11/2019  09:18:30  PAGE 34


  C:2499H         LINE#         749
  C:249EH         LINE#         750
  C:24AFH         LINE#         751
  C:24C6H         LINE#         752
  C:24C9H         LINE#         753
  C:24C9H         LINE#         754
  C:24C9H         LINE#         755
  C:24CBH         LINE#         756
  -------         ENDPROC       _?OS_SCHED
  -------         PROC          _?OS_TASKIDLE
  x:0000H         SYMBOL        ppdata
  C:0026H         LINE#         779
  C:002FH         LINE#         786
  C:0041H         LINE#         787
  C:0041H         LINE#         788
  C:0043H         LINE#         789
  C:005AH         LINE#         790
  C:005CH         LINE#         791
  C:005FH         LINE#         792
  -------         ENDPROC       _?OS_TASKIDLE
  -------         PROC          _?OS_TCBINIT
  x:0003H         SYMBOL        prio
  x:0004H         SYMBOL        ptos
  x:0007H         SYMBOL        pbos
  x:000AH         SYMBOL        id
  x:000CH         SYMBOL        stk_size
  x:0010H         SYMBOL        pext
  x:0013H         SYMBOL        opt
  -------         DO            
  x:0000H         SYMBOL        ptcb
  -------         ENDDO         
  C:10CCH         LINE#         900
  C:10E3H         LINE#         908
[...]
  D:00E8H         PUBLIC        P6
  D:00F8H         PUBLIC        P7
  D:00A8H         PUBLIC        IE
  C:17AAH         PUBLIC        _?OSTaskCreate
  D:00B8H         PUBLIC        IP
  D:00D8H         PUBLIC        CCON
  D:0098H         PUBLIC        SCON
  D:0088H         PUBLIC        TCON
  D:00D0H         PUBLIC        PSW
  -------         PROC          _?OSTASKCREATE
  x:0004H         SYMBOL        task
  x:0007H         SYMBOL        ppdata
  x:000AH         SYMBOL        ptos
  x:000DH         SYMBOL        prio
  -------         DO            
  x:0000H         SYMBOL        psp
  x:0003H         SYMBOL        err
  -------         ENDDO         
  C:17AAH         LINE#         156
  C:17B9H         LINE#         170
  C:17BBH         LINE#         171
  C:17D5H         LINE#         172
  C:17E4H         LINE#         174
  C:17E6H         LINE#         175
  C:1829H         LINE#         176
  C:187EH         LINE#         177
  C:1887H         LINE#         178
  C:1889H         LINE#         179
  C:188CH         LINE#         180
  C:188EH         LINE#         181
  C:1894H         LINE#         182
  C:1897H         LINE#         183
  C:1897H         LINE#         184
  C:1899H         LINE#         185
  C:189BH         LINE#         186
  C:18B2H         LINE#         187
  C:18B4H         LINE#         188
  C:18B4H         LINE#         189
  C:18BEH         LINE#         190
  C:18BEH         LINE#         191
  C:18C0H         LINE#         192
  C:18C2H         LINE#         193
BL51 BANKED LINKER/LOCATER V6.22                                                      07/11/2019  09:18:30  PAGE 39


  -------         ENDPROC       _?OSTASKCREATE
  -------         ENDMOD        OS_TASK

  -------         MODULE        OS_TIME
  C:0000H         SYMBOL        _ICE_DUMMY_
  D:0080H         PUBLIC        P0
  D:0090H         PUBLIC        P1
  D:00A0H         PUBLIC        P2
  D:00B0H         PUBLIC        P3
  D:00C0H         PUBLIC        P4
  D:00C8H         PUBLIC        P5
  B:00A8H.7       PUBLIC        EA
  D:00E8H         PUBLIC        P6
  D:00F8H         PUBLIC        P7
  D:00A8H         PUBLIC        IE
  D:00B8H         PUBLIC        IP
  D:00D8H         PUBLIC        CCON
  D:0098H         PUBLIC        SCON
  D:0088H         PUBLIC        TCON
  C:25B9H         PUBLIC        _?OSTimeDly
  D:00D0H         PUBLIC        PSW
  -------         PROC          _?OSTIMEDLY
  x:0000H         SYMBOL        ticks
  C:25B9H         LINE#         35
  C:25C4H         LINE#         42
  C:25D7H         LINE#         43
  C:25D9H         LINE#         44
  C:2609H         LINE#         45
  C:2614H         LINE#         46
  C:2614H         LINE#         47
  C:2622H         LINE#         48
  C:2624H         LINE#         49
  C:2627H         LINE#         50
  C:2627H         LINE#         51
  -------         ENDPROC       _?OSTIMEDLY
  -------         ENDMOD        OS_TIME

  -------         MODULE        OS_CPU_A
  C:2A87H         SEGMENT       ?PR?OSSTARTHIGHRDY?OS_CPU_A
  C:27E6H         SEGMENT       ?PR?OSCTXSW?OS_CPU_A
  C:000EH         SEGMENT       ?PR?OSINTCTXSW?OS_CPU_A
  C:2A2FH         SEGMENT       ?PR?OSTICKISR?OS_CPU_A
  C:2AD9H         SEGMENT       ?PR?_?SERIAL?OS_CPU_A
  I:0051H         SEGMENT       ?STACK
  C:27E6H         PUBLIC        OSCTXSW
  C:000EH         PUBLIC        OSINTCTXSW
  C:2A87H         PUBLIC        OSSTARTHIGHRDY
  C:2A2FH         PUBLIC        OSTICKISR
  C:2AD9H         PUBLIC        SERIALISR
  D:00E0H         SYMBOL        ACC
  D:00F0H         SYMBOL        B
  D:0083H         SYMBOL        DPH
  D:0082H         SYMBOL        DPL
  B:00A8H.7       SYMBOL        EA
  C:2A8AH         SYMBOL        OSCTXSW_IN
  C:2808H         SYMBOL        OSINTCTXSW_IN
  I:0052H         SYMBOL        OSSTACK
BL51 BANKED LINKER/LOCATER V6.22                                                      07/11/2019  09:18:30  PAGE 40


  I:0051H         SYMBOL        OSSTKSTART
  N:0000H         SYMBOL        OS_CPU_A
  D:00D0H         SYMBOL        PSW
  C:2AA0H         SYMBOL        RESTORE_STACK
  C:2824H         SYMBOL        SAVE_STACK
  D:0081H         SYMBOL        SP
  D:008CH         SYMBOL        TH0
  D:008AH         SYMBOL        TL0
  B:0088H.4       SYMBOL        TR0
  C:2A87H         LINE#         129
  C:2A8AH         LINE#         134
  C:2A8CH         LINE#         135
  C:2A8DH         LINE#         136
  C:2A8FH         LINE#         137
  C:2A90H         LINE#         138
  C:2A92H         LINE#         141
  C:2A93H         LINE#         142
  C:2A94H         LINE#         143
  C:2A95H         LINE#         144
  C:2A96H         LINE#         145
  C:2A97H         LINE#         146
  C:2A98H         LINE#         147
  C:2A9AH         LINE#         148
  C:2A9CH         LINE#         151
  C:2A9DH         LINE#         152
  C:2A9EH         LINE#         155
  C:2AA0H         LINE#         158
  C:2AA1H         LINE#         159
  C:2AA2H         LINE#         160
  C:2AA3H         LINE#         161
  C:2AA4H         LINE#         162
  C:2AA6H         LINE#         165
  C:2AA8H         LINE#         168
  C:2AA9H         LINE#         169
  C:2AAAH         LINE#         170
  C:2AACH         LINE#         171
  C:2AADH         LINE#         172
  C:2AAEH         LINE#         173
  C:2AB0H         LINE#         176
  C:2AB2H         LINE#         177
  C:2AB4H         LINE#         179
  C:2AB6H         LINE#         179
  C:2AB7H         LINE#         179
  C:2AB9H         LINE#         179
  C:2ABAH         LINE#         179
  C:2ABCH         LINE#         179
  C:2ABDH         LINE#         179
  C:2ABFH         LINE#         179
  C:2AC0H         LINE#         179
  C:2AC2H         LINE#         179
  C:2AC3H         LINE#         179
  C:2AC5H         LINE#         179
  C:2AC6H         LINE#         179
  C:2AC8H         LINE#         179
  C:2AC9H         LINE#         179
  C:2ACBH         LINE#         179
  C:2ACCH         LINE#         179
BL51 BANKED LINKER/LOCATER V6.22                                                      07/11/2019  09:18:30  PAGE 41


  C:2ACEH         LINE#         179
  C:2AD0H         LINE#         179
  C:2AD2H         LINE#         179
  C:2AD4H         LINE#         179
  C:2AD6H         LINE#         180
  C:2AD8H         LINE#         181
  C:27E6H         LINE#         187
  C:27E8H         LINE#         187
  C:27EAH         LINE#         187
  C:27ECH         LINE#         187
  C:27EEH         LINE#         187
  C:27F0H         LINE#         187
  C:27F1H         LINE#         187
  C:27F3H         LINE#         187
  C:27F4H         LINE#         187
  C:27F6H         LINE#         187
  C:27F7H         LINE#         187
  C:27F9H         LINE#         187
  C:27FAH         LINE#         187
  C:27FCH         LINE#         187
  C:27FDH         LINE#         187
  C:27FFH         LINE#         187
  C:2800H         LINE#         187
  C:2802H         LINE#         187
  C:2803H         LINE#         187
  C:2805H         LINE#         187
  C:2806H         LINE#         187
  C:2808H         LINE#         192
  C:280AH         LINE#         193
  C:280BH         LINE#         194
  C:280DH         LINE#         195
  C:280EH         LINE#         198
  C:2810H         LINE#         199
  C:2811H         LINE#         200
  C:2813H         LINE#         201
  C:2814H         LINE#         202
  C:2816H         LINE#         205
  C:2817H         LINE#         206
  C:2818H         LINE#         207
  C:2819H         LINE#         208
  C:281AH         LINE#         209
  C:281BH         LINE#         210
  C:281CH         LINE#         211
  C:281EH         LINE#         212
  C:2820H         LINE#         215
  C:2821H         LINE#         216
  C:2822H         LINE#         218
  C:2824H         LINE#         220
  C:2825H         LINE#         221
  C:2826H         LINE#         222
  C:2827H         LINE#         223
  C:2828H         LINE#         224
  C:282AH         LINE#         227
  C:282BH         LINE#         228
  C:282DH         LINE#         229
  C:282EH         LINE#         230
  C:282FH         LINE#         231
BL51 BANKED LINKER/LOCATER V6.22                                                      07/11/2019  09:18:30  PAGE 42


  C:2831H         LINE#         232
  C:2832H         LINE#         234
  C:2835H         LINE#         237
  C:2837H         LINE#         238
  C:2839H         LINE#         239
  C:283AH         LINE#         240
  C:283BH         LINE#         241
  C:283CH         LINE#         242
  C:283DH         LINE#         243
  C:283EH         LINE#         244
  C:283FH         LINE#         245
  C:2840H         LINE#         246
  C:2841H         LINE#         247
  C:2842H         LINE#         248
  C:2843H         LINE#         251
  C:2845H         LINE#         252
  C:2847H         LINE#         253
  C:2848H         LINE#         254
  C:2849H         LINE#         256
  C:000EH         LINE#         265
  C:0010H         LINE#         266
  C:0011H         LINE#         267
  C:0013H         LINE#         268
  C:0015H         LINE#         270
  C:000BH         LINE#         274
  C:2A2FH         LINE#         279
  C:2A31H         LINE#         279
  C:2A33H         LINE#         279
  C:2A35H         LINE#         279
  C:2A37H         LINE#         279
  C:2A39H         LINE#         279
  C:2A3AH         LINE#         279
  C:2A3CH         LINE#         279
  C:2A3DH         LINE#         279
  C:2A3FH         LINE#         279
  C:2A40H         LINE#         279
  C:2A42H         LINE#         279
  C:2A43H         LINE#         279
  C:2A45H         LINE#         279
  C:2A46H         LINE#         279
  C:2A48H         LINE#         279
  C:2A49H         LINE#         279
  C:2A4BH         LINE#         279
  C:2A4CH         LINE#         279
  C:2A4EH         LINE#         279
  C:2A4FH         LINE#         279
  C:2A51H         LINE#         281
  C:2A53H         LINE#         282
  C:2A56H         LINE#         283
  C:2A59H         LINE#         284
  C:2A5BH         LINE#         286
  C:2A5EH         LINE#         287
  C:2A61H         LINE#         288
  C:2A64H         LINE#         290
  C:2A66H         LINE#         290
  C:2A67H         LINE#         290
  C:2A69H         LINE#         290
BL51 BANKED LINKER/LOCATER V6.22                                                      07/11/2019  09:18:30  PAGE 43


  C:2A6AH         LINE#         290
  C:2A6CH         LINE#         290
  C:2A6DH         LINE#         290
  C:2A6FH         LINE#         290
  C:2A70H         LINE#         290
  C:2A72H         LINE#         290
  C:2A73H         LINE#         290
  C:2A75H         LINE#         290
  C:2A76H         LINE#         290
  C:2A78H         LINE#         290
  C:2A79H         LINE#         290
  C:2A7BH         LINE#         290
  C:2A7CH         LINE#         290
  C:2A7EH         LINE#         290
  C:2A80H         LINE#         290
  C:2A82H         LINE#         290
  C:2A84H         LINE#         290
  C:2A86H         LINE#         291
  C:0023H         LINE#         295
  C:2AD9H         LINE#         301
  C:2ADBH         LINE#         302
  C:2ADDH         LINE#         302
  C:2ADFH         LINE#         302
  C:2AE1H         LINE#         302
  C:2AE3H         LINE#         302
  C:2AE5H         LINE#         302
  C:2AE6H         LINE#         302
  C:2AE8H         LINE#         302
  C:2AE9H         LINE#         302
  C:2AEBH         LINE#         302
  C:2AECH         LINE#         302
  C:2AEEH         LINE#         302
  C:2AEFH         LINE#         302
  C:2AF1H         LINE#         302
  C:2AF2H         LINE#         302
  C:2AF4H         LINE#         302
  C:2AF5H         LINE#         302
  C:2AF7H         LINE#         302
  C:2AF8H         LINE#         302
  C:2AFAH         LINE#         302
  C:2AFBH         LINE#         302
  C:2AFDH         LINE#         303
  C:2B00H         LINE#         304
  C:2B03H         LINE#         305
  C:2B06H         LINE#         306
  C:2B08H         LINE#         306
  C:2B09H         LINE#         306
  C:2B0BH         LINE#         306
  C:2B0CH         LINE#         306
  C:2B0EH         LINE#         306
  C:2B0FH         LINE#         306
  C:2B11H         LINE#         306
  C:2B12H         LINE#         306
  C:2B14H         LINE#         306
  C:2B15H         LINE#         306
  C:2B17H         LINE#         306
  C:2B18H         LINE#         306
BL51 BANKED LINKER/LOCATER V6.22                                                      07/11/2019  09:18:30  PAGE 44


  C:2B1AH         LINE#         306
  C:2B1BH         LINE#         306
  C:2B1DH         LINE#         306
  C:2B1EH         LINE#         306
  C:2B20H         LINE#         306
  C:2B22H         LINE#         306
  C:2B24H         LINE#         306
  C:2B26H         LINE#         306
  C:2B28H         LINE#         307
  C:2B2AH         LINE#         308
  -------         ENDMOD        OS_CPU_A

  -------         MODULE        ?C?COPY
  C:0136H         PUBLIC        ?C?COPY
  -------         ENDMOD        ?C?COPY

  -------         MODULE        ?C?CLDPTR
  C:015CH         PUBLIC        ?C?CLDPTR
  -------         ENDMOD        ?C?CLDPTR

  -------         MODULE        ?C?CLDOPTR
  C:0175H         PUBLIC        ?C?CLDOPTR
  -------         ENDMOD        ?C?CLDOPTR

  -------         MODULE        ?C?CSTPTR
  C:01A2H         PUBLIC        ?C?CSTPTR
  -------         ENDMOD        ?C?CSTPTR

  -------         MODULE        ?C?CSTOPTR
  C:01B4H         PUBLIC        ?C?CSTOPTR
  -------         ENDMOD        ?C?CSTOPTR

  -------         MODULE        ?C?SIDIV
  C:01D6H         PUBLIC        ?C?SIDIV
  -------         ENDMOD        ?C?SIDIV

  -------         MODULE        ?C?IILDX
  C:020CH         PUBLIC        ?C?IILDX
  -------         ENDMOD        ?C?IILDX

  -------         MODULE        ?C?ILDIX
  C:0222H         PUBLIC        ?C?ILDIX
  -------         ENDMOD        ?C?ILDIX

  -------         MODULE        ?C?ILDOPTR
  C:0238H         PUBLIC        ?C?ILDOPTR
  -------         ENDMOD        ?C?ILDOPTR

  -------         MODULE        ?C?IILDOPTR
  C:0270H         PUBLIC        ?C?IILDOPTR
  -------         ENDMOD        ?C?IILDOPTR

  -------         MODULE        ?C?ISTOPTR
  C:02BDH         PUBLIC        ?C?ISTOPTR
  -------         ENDMOD        ?C?ISTOPTR

  -------         MODULE        ?C?LMUL
BL51 BANKED LINKER/LOCATER V6.22                                                      07/11/2019  09:18:30  PAGE 45


  C:02EAH         PUBLIC        ?C?LMUL
  -------         ENDMOD        ?C?LMUL

  -------         MODULE        ?C?ULDIV
  C:0375H         PUBLIC        ?C?ULDIV
  -------         ENDMOD        ?C?ULDIV

  -------         MODULE        ?C?ULSHR
  C:0407H         PUBLIC        ?C?ULSHR
  -------         ENDMOD        ?C?ULSHR

  -------         MODULE        ?C?LLDIDATA
  C:041AH         PUBLIC        ?C?LLDIDATA
  -------         ENDMOD        ?C?LLDIDATA

  -------         MODULE        ?C?LLDXDATA
  C:0426H         PUBLIC        ?C?LLDXDATA
  -------         ENDMOD        ?C?LLDXDATA

  -------         MODULE        ?C?LLDXDATA0
  C:0432H         PUBLIC        ?C?LLDXDATA0
  -------         ENDMOD        ?C?LLDXDATA0

  -------         MODULE        ?C?LSTIDATA
  C:043EH         PUBLIC        ?C?LSTIDATA
  -------         ENDMOD        ?C?LSTIDATA

  -------         MODULE        ?C?LSTXDATA
  C:044AH         PUBLIC        ?C?LSTXDATA
  -------         ENDMOD        ?C?LSTXDATA

  -------         MODULE        ?C?LSTKIDATA
  C:0456H         PUBLIC        ?C?LSTKIDATA
  -------         ENDMOD        ?C?LSTKIDATA

  -------         MODULE        ?C?LSTKXDATA
  C:046FH         PUBLIC        ?C?LSTKXDATA
  -------         ENDMOD        ?C?LSTKXDATA

  -------         MODULE        ?C?PLDIDATA
  C:04A0H         PUBLIC        ?C?PLDIDATA
  -------         ENDMOD        ?C?PLDIDATA

  -------         MODULE        ?C?PSTIDATA
  C:04A9H         PUBLIC        ?C?PSTIDATA
  -------         ENDMOD        ?C?PSTIDATA

  -------         MODULE        ?C?PLDXDATA
  C:04B2H         PUBLIC        ?C?PLDXDATA
  -------         ENDMOD        ?C?PLDXDATA

  -------         MODULE        ?C?PLDIXDATA
  C:04BBH         PUBLIC        ?C?PLDIXDATA
  -------         ENDMOD        ?C?PLDIXDATA

  -------         MODULE        ?C?PSTXDATA
  C:04D2H         PUBLIC        ?C?PSTXDATA
BL51 BANKED LINKER/LOCATER V6.22                                                      07/11/2019  09:18:30  PAGE 46


  -------         ENDMOD        ?C?PSTXDATA

  -------         MODULE        ?C?PSTPTR
  C:04DBH         PUBLIC        ?C?PSTPTR
  -------         ENDMOD        ?C?PSTPTR

  -------         MODULE        ?C?PLDOPTR
  C:052AH         PUBLIC        ?C?PLDOPTR
  -------         ENDMOD        ?C?PLDOPTR

  -------         MODULE        ?C?PSTOPTR
  C:055AH         PUBLIC        ?C?PSTOPTR
  -------         ENDMOD        ?C?PSTOPTR

  -------         MODULE        ?C?CCASE
  C:05B3H         PUBLIC        ?C?CCASE
  -------         ENDMOD        ?C?CCASE

  -------         MODULE        ?C_XBP
  D:0012H         PUBLIC        ?C_XBP
  -------         ENDMOD        ?C_XBP

  -------         MODULE        ?C?ADDXBP
  C:05D9H         PUBLIC        ?C?ADDXBP
  -------         ENDMOD        ?C?ADDXBP

  -------         MODULE        ?C?XBPOFF
  C:05FDH         PUBLIC        ?C?XBPOFF
  -------         ENDMOD        ?C?XBPOFF

  -------         MODULE        PRINTF
  X:0240H         PUBLIC        ?_PRINTF517?BYTE
  X:0240H         PUBLIC        ?_PRINTF?BYTE
  X:0240H         PUBLIC        ?_SPRINTF517?BYTE
  X:0240H         PUBLIC        ?_SPRINTF?BYTE
  C:0B3AH         PUBLIC        _PRINTF
  C:0B3AH         PUBLIC        _PRINTF517
  C:0B34H         PUBLIC        _SPRINTF
  C:0B34H         PUBLIC        _SPRINTF517
  -------         ENDMOD        PRINTF

  -------         MODULE        RAND
  X:02D3H         PUBLIC        ?SRAND?BYTE
  C:2B2BH         PUBLIC        RAND
  C:2B69H         PUBLIC        _SRAND
  -------         ENDMOD        RAND

  -------         MODULE        ?C?UIDIV
  C:060AH         PUBLIC        ?C?UIDIV
  -------         ENDMOD        ?C?UIDIV

  -------         MODULE        ?C?PLDPDATA
  C:065FH         PUBLIC        ?C?PLDPDATA
  -------         ENDMOD        ?C?PLDPDATA

  -------         MODULE        ?C?PSTPDATA
  C:0668H         PUBLIC        ?C?PSTPDATA
BL51 BANKED LINKER/LOCATER V6.22                                                      07/11/2019  09:18:30  PAGE 47


  -------         ENDMOD        ?C?PSTPDATA

  -------         MODULE        ?C?PLDCODE
  C:0671H         PUBLIC        ?C?PLDCODE
  -------         ENDMOD        ?C?PLDCODE

  -------         MODULE        PUTCHAR
  C:2E8EH         PUBLIC        _PUTCHAR
  -------         ENDMOD        PUTCHAR

*** WARNING L15: MULTIPLE CALL TO SEGMENT
    SEGMENT: ?PR?DISPLAY?TIMEN
    CALLER1: ?C_C51STARTUP
    CALLER2: ?PR?TIMERCOUNTER_2?TIMEN

*** WARNING L15: MULTIPLE CALL TO SEGMENT
    SEGMENT: ?PR?PRINTF?PRINTF
    CALLER1: ?C_C51STARTUP
    CALLER2: ?PR?TIMERCOUNTER_2?TIMEN

*** WARNING L15: MULTIPLE CALL TO SEGMENT
    SEGMENT: ?PR?_LCD12864SHOWSTRING?LCD12864
    CALLER1: ?C_C51STARTUP
    CALLER2: ?PR?TIMERCOUNTER_2?TIMEN

*** WARNING L1: UNRESOLVED EXTERNAL SYMBOL
    SYMBOL:  GRADE
    MODULE:  .\OutPut\interface.obj (INTERFACE)

*** WARNING L2: REFERENCE MADE TO UNRESOLVED EXTERNAL
    SYMBOL:  GRADE
    MODULE:  .\OutPut\interface.obj (INTERFACE)
    ADDRESS: 2F69H

*** WARNING L1: UNRESOLVED EXTERNAL SYMBOL
    SYMBOL:  _?SERIAL
    MODULE:  .\OutPut\OS_CPU_A.obj (OS_CPU_A)

*** WARNING L2: REFERENCE MADE TO UNRESOLVED EXTERNAL
    SYMBOL:  _?SERIAL
    MODULE:  .\OutPut\OS_CPU_A.obj (OS_CPU_A)
    ADDRESS: 2B01H

Program Size: data=117.2 xdata=729 code=12409
LINK/LOCATE RUN COMPLETE.  7 WARNING(S),  0 ERROR(S)
